Archive member included because of file (symbol)

c:/progra~1/codesourcery/source~1/bin/../lib/gcc/arm-none-eabi/4.5.2/../../../../arm-none-eabi/lib\libm.a(lib_a-w_log10.o)
                              C:/Docume~1/engineer/workspace/TNKernel_namuru_nano_glonass/GCC/OBJ/namuro_nano_tnkernel.o (log10)
c:/progra~1/codesourcery/source~1/bin/../lib/gcc/arm-none-eabi/4.5.2/../../../../arm-none-eabi/lib\libm.a(lib_a-e_log10.o)
                              c:/progra~1/codesourcery/source~1/bin/../lib/gcc/arm-none-eabi/4.5.2/../../../../arm-none-eabi/lib\libm.a(lib_a-w_log10.o) (__ieee754_log10)
c:/progra~1/codesourcery/source~1/bin/../lib/gcc/arm-none-eabi/4.5.2/../../../../arm-none-eabi/lib\libm.a(lib_a-s_fpclassify.o)
                              c:/progra~1/codesourcery/source~1/bin/../lib/gcc/arm-none-eabi/4.5.2/../../../../arm-none-eabi/lib\libm.a(lib_a-w_log10.o) (__fpclassifyd)
c:/progra~1/codesourcery/source~1/bin/../lib/gcc/arm-none-eabi/4.5.2/../../../../arm-none-eabi/lib\libm.a(lib_a-s_lib_ver.o)
                              c:/progra~1/codesourcery/source~1/bin/../lib/gcc/arm-none-eabi/4.5.2/../../../../arm-none-eabi/lib\libm.a(lib_a-w_log10.o) (__fdlib_version)
c:/progra~1/codesourcery/source~1/bin/../lib/gcc/arm-none-eabi/4.5.2/../../../../arm-none-eabi/lib\libm.a(lib_a-s_matherr.o)
                              c:/progra~1/codesourcery/source~1/bin/../lib/gcc/arm-none-eabi/4.5.2/../../../../arm-none-eabi/lib\libm.a(lib_a-w_log10.o) (matherr)
c:/progra~1/codesourcery/source~1/bin/../lib/gcc/arm-none-eabi/4.5.2/../../../../arm-none-eabi/lib\libm.a(lib_a-s_nan.o)
                              c:/progra~1/codesourcery/source~1/bin/../lib/gcc/arm-none-eabi/4.5.2/../../../../arm-none-eabi/lib\libm.a(lib_a-w_log10.o) (nan)
c:/progra~1/codesourcery/source~1/bin/../lib/gcc/arm-none-eabi/4.5.2/../../../../arm-none-eabi/lib\libm.a(lib_a-e_log.o)
                              c:/progra~1/codesourcery/source~1/bin/../lib/gcc/arm-none-eabi/4.5.2/../../../../arm-none-eabi/lib\libm.a(lib_a-e_log10.o) (__ieee754_log)
c:/progra~1/codesourcery/source~1/bin/../lib/gcc/arm-none-eabi/4.5.2/../../../../arm-none-eabi/lib\libc.a(lib_a-errno.o)
                              c:/progra~1/codesourcery/source~1/bin/../lib/gcc/arm-none-eabi/4.5.2/../../../../arm-none-eabi/lib\libm.a(lib_a-w_log10.o) (__errno)
c:/progra~1/codesourcery/source~1/bin/../lib/gcc/arm-none-eabi/4.5.2/../../../../arm-none-eabi/lib\libc.a(lib_a-impure.o)
                              c:/progra~1/codesourcery/source~1/bin/../lib/gcc/arm-none-eabi/4.5.2/../../../../arm-none-eabi/lib\libc.a(lib_a-errno.o) (_impure_ptr)
c:/progra~1/codesourcery/source~1/bin/../lib/gcc/arm-none-eabi/4.5.2\libgcc.a(_udivsi3.o)
                              C:/Docume~1/engineer/workspace/TNKernel_namuru_nano_glonass/GCC/OBJ/tn_sprintf.o (__aeabi_uidiv)
c:/progra~1/codesourcery/source~1/bin/../lib/gcc/arm-none-eabi/4.5.2\libgcc.a(_divsi3.o)
                              C:/Docume~1/engineer/workspace/TNKernel_namuru_nano_glonass/GCC/OBJ/utils.o (__aeabi_idiv)
c:/progra~1/codesourcery/source~1/bin/../lib/gcc/arm-none-eabi/4.5.2\libgcc.a(_dvmd_tls.o)
                              c:/progra~1/codesourcery/source~1/bin/../lib/gcc/arm-none-eabi/4.5.2\libgcc.a(_udivsi3.o) (__aeabi_idiv0)
c:/progra~1/codesourcery/source~1/bin/../lib/gcc/arm-none-eabi/4.5.2\libgcc.a(_arm_addsubdf3.o)
                              C:/Docume~1/engineer/workspace/TNKernel_namuru_nano_glonass/GCC/OBJ/namuro_nano_tnkernel.o (__aeabi_dsub)
c:/progra~1/codesourcery/source~1/bin/../lib/gcc/arm-none-eabi/4.5.2\libgcc.a(_arm_muldivdf3.o)
                              C:/Docume~1/engineer/workspace/TNKernel_namuru_nano_glonass/GCC/OBJ/namuro_nano_tnkernel.o (__aeabi_dmul)
c:/progra~1/codesourcery/source~1/bin/../lib/gcc/arm-none-eabi/4.5.2\libgcc.a(_arm_cmpdf2.o)
                              c:/progra~1/codesourcery/source~1/bin/../lib/gcc/arm-none-eabi/4.5.2/../../../../arm-none-eabi/lib\libm.a(lib_a-w_log10.o) (__aeabi_dcmpeq)
c:/progra~1/codesourcery/source~1/bin/../lib/gcc/arm-none-eabi/4.5.2\libgcc.a(_arm_fixdfsi.o)
                              C:/Docume~1/engineer/workspace/TNKernel_namuru_nano_glonass/GCC/OBJ/namuro_nano_tnkernel.o (__aeabi_d2iz)

Allocating common symbols
Common symbol       size              file

tn_timer_task_stack
                    0x140             C:/Docume~1/engineer/workspace/TNKernel_namuru_nano_glonass/GCC/OBJ/tn.o
tn_idle_count       0x4               C:/Docume~1/engineer/workspace/TNKernel_namuru_nano_glonass/GCC/OBJ/tn.o
CH                  0x168             C:/Docume~1/engineer/workspace/TNKernel_namuru_nano_glonass/GCC/OBJ/namuro_nano_tnkernel.o
task_accum          0x70              C:/Docume~1/engineer/workspace/TNKernel_namuru_nano_glonass/GCC/OBJ/namuro_nano_tnkernel.o
tn_curr_run_task    0x4               C:/Docume~1/engineer/workspace/TNKernel_namuru_nano_glonass/GCC/OBJ/tn.o
[...]
Memory Configuration

Name             Origin             Length             Attributes
FLASH            0x00000000         0x0007e000         xr
RAM              0x40000000         0x00010000         rw
*default*        0x00000000         0xffffffff

Linker script and memory map

LOAD C:/Docume~1/engineer/workspace/TNKernel_namuru_nano_glonass/GCC/OBJ/tnkernel_startup_gcc.o
LOAD C:/Docume~1/engineer/workspace/TNKernel_namuru_nano_glonass/GCC/OBJ/startup_hardware_init.o
LOAD C:/Docume~1/engineer/workspace/TNKernel_namuru_nano_glonass/GCC/OBJ/tn_port_gcc.o
LOAD C:/Docume~1/engineer/workspace/TNKernel_namuru_nano_glonass/GCC/OBJ/tn.o
LOAD C:/Docume~1/engineer/workspace/TNKernel_namuru_nano_glonass/GCC/OBJ/tn_dqueue.o
LOAD C:/Docume~1/engineer/workspace/TNKernel_namuru_nano_glonass/GCC/OBJ/tn_event.o
LOAD C:/Docume~1/engineer/workspace/TNKernel_namuru_nano_glonass/GCC/OBJ/tn_mem.o
LOAD C:/Docume~1/engineer/workspace/TNKernel_namuru_nano_glonass/GCC/OBJ/tn_mutex.o
LOAD C:/Docume~1/engineer/workspace/TNKernel_namuru_nano_glonass/GCC/OBJ/tn_port_arm.o
LOAD C:/Docume~1/engineer/workspace/TNKernel_namuru_nano_glonass/GCC/OBJ/tn_sem.o
LOAD C:/Docume~1/engineer/workspace/TNKernel_namuru_nano_glonass/GCC/OBJ/tn_tasks.o
LOAD C:/Docume~1/engineer/workspace/TNKernel_namuru_nano_glonass/GCC/OBJ/tn_utils.o
LOAD C:/Docume~1/engineer/workspace/TNKernel_namuru_nano_glonass/GCC/OBJ/tn_user.o
LOAD C:/Docume~1/engineer/workspace/TNKernel_namuru_nano_glonass/GCC/OBJ/utils.o
LOAD C:/Docume~1/engineer/workspace/TNKernel_namuru_nano_glonass/GCC/OBJ/tn_sprintf.o
LOAD C:/Docume~1/engineer/workspace/TNKernel_namuru_nano_glonass/GCC/OBJ/namuro_nano_tnkernel.o
LOAD c:/progra~1/codesourcery/source~1/bin/../lib/gcc/arm-none-eabi/4.5.2/../../../../arm-none-eabi/lib\libc.a
LOAD c:/progra~1/codesourcery/source~1/bin/../lib/gcc/arm-none-eabi/4.5.2/../../../../arm-none-eabi/lib\libm.a
LOAD c:/progra~1/codesourcery/source~1/bin/../lib/gcc/arm-none-eabi/4.5.2/../../../../arm-none-eabi/lib\libc.a
LOAD c:/progra~1/codesourcery/source~1/bin/../lib/gcc/arm-none-eabi/4.5.2\libgcc.a
START GROUP
LOAD c:/progra~1/codesourcery/source~1/bin/../lib/gcc/arm-none-eabi/4.5.2\libgcc.a
LOAD c:/progra~1/codesourcery/source~1/bin/../lib/gcc/arm-none-eabi/4.5.2/../../../../arm-none-eabi/lib\libc.a
END GROUP
                0x00000400                heap_size = 0x400
                0x00000010                stack_fiq_size = 0x10
                0x00000100                stack_irq_size = 0x100
                0x00000400                stack_app_size = 0x400

.text           0x00000000     0xaca8
 *(.reset)
 .reset         0x00000000       0x40 C:/Docume~1/engineer/workspace/TNKernel_namuru_nano_glonass/GCC/OBJ/tnkernel_startup_gcc.o
                0x00000000                __reset
                0x00000000                __main
 *(.text)
 .text          0x00000040       0xc8 C:/Docume~1/engineer/workspace/TNKernel_namuru_nano_glonass/GCC/OBJ/tnkernel_startup_gcc.o
 .text          0x00000108       0x24 C:/Docume~1/engineer/workspace/TNKernel_namuru_nano_glonass/GCC/OBJ/startup_hardware_init.o
                0x00000108                tn_startup_hardware_init
                0x0000010c                tn_arm_disable_interrupts
                0x0000011c                tn_arm_enable_interrupts
 *fill*         0x0000012c        0x4 00
 .text          0x00000130      0x1e0 C:/Docume~1/engineer/workspace/TNKernel_namuru_nano_glonass/GCC/OBJ/tn_port_gcc.o
                0x00000130                tn_start_exe
                0x0000013c                tn_switch_context_exit
                0x0000015c                tn_switch_context
                0x000001b0                tn_cpu_irq_isr
                0x000001e4                tn_int_ctx_switch
                0x00000248                tn_cpu_fiq_isr
                0x00000254                tn_cpu_save_sr
                0x00000264                tn_cpu_restore_sr
                0x0000026c                tn_chk_irq_disabled
                0x00000278                tn_inside_irq
                0x00000294                ffs_asm
 .text          0x00000310      0x524 C:/Docume~1/engineer/workspace/TNKernel_namuru_nano_glonass/GCC/OBJ/tn.o
                0x00000310                tn_start_system
                0x000005d8                tn_sys_tslice_ticks
                0x00000694                tn_tick_int_processing
 .text          0x00000834      0xb24 C:/Docume~1/engineer/workspace/TNKernel_namuru_nano_glonass/GCC/OBJ/tn_dqueue.o
                0x00000834                tn_queue_create
                0x00000914                tn_queue_delete
                0x00000a9c                tn_queue_send
                0x00000c14                tn_queue_send_polling
                0x00000d40                tn_queue_isend_polling
                0x00000e48                tn_queue_receive
                0x00001040                tn_queue_receive_polling
                0x000011e4                tn_queue_ireceive
 .text          0x00001358      0xb40 C:/Docume~1/engineer/workspace/TNKernel_namuru_nano_glonass/GCC/OBJ/tn_event.o
                0x00001358                tn_event_create
                0x0000143c                tn_event_delete
                0x00001550                tn_event_wait
                0x00001764                tn_event_wait_polling
                0x000018f4                tn_event_iwait
                0x00001a6c                tn_event_set
                0x00001b64                tn_event_iset
                0x00001c38                tn_event_clear
                0x00001ce8                tn_event_iclear
 .text          0x00001e98      0x90c C:/Docume~1/engineer/workspace/TNKernel_namuru_nano_glonass/GCC/OBJ/tn_mem.o
                0x00001e98                tn_fmem_create
                0x00002110                tn_fmem_delete
                0x00002224                tn_fmem_get
                0x00002340                tn_fmem_get_polling
                0x00002410                tn_fmem_get_ipolling
                0x000024c8                tn_fmem_release
                0x000025d4                tn_fmem_irelease
 .text          0x000027a4      0x9b8 C:/Docume~1/engineer/workspace/TNKernel_namuru_nano_glonass/GCC/OBJ/tn_mutex.o
                0x000027a4                tn_mutex_create
                0x000028b4                tn_mutex_delete
                0x00002a1c                tn_mutex_lock
                0x00002ca4                tn_mutex_lock_polling
                0x00002e38                tn_mutex_unlock
                0x00002ef8                do_unlock_mutex
                0x000030d4                find_max_blocked_priority
 .text          0x0000315c      0x204 C:/Docume~1/engineer/workspace/TNKernel_namuru_nano_glonass/GCC/OBJ/tn_port_arm.o
                0x0000315c                tn_stack_init
 .text          0x00003360      0x700 C:/Docume~1/engineer/workspace/TNKernel_namuru_nano_glonass/GCC/OBJ/tn_sem.o
                0x00003360                tn_sem_create
                0x00003438                tn_sem_delete
                0x0000354c                tn_sem_signal
                0x00003694                tn_sem_isignal
                0x000037b8                tn_sem_acquire
                0x000038c8                tn_sem_polling
                0x000039a0                tn_sem_ipolling
 .text          0x00003a60     0x1798 C:/Docume~1/engineer/workspace/TNKernel_namuru_nano_glonass/GCC/OBJ/tn_tasks.o
                0x00003a60                tn_task_create
                0x00003cc0                tn_task_suspend
                0x00003dd8                tn_task_resume
                0x00003ecc                tn_task_sleep
                0x00003f8c                tn_task_wakeup
                0x000040c8                tn_task_iwakeup
                0x000041e0                tn_task_activate
                0x000042cc                tn_task_iactivate
                0x00004394                tn_task_release_wait
                0x0000447c                tn_task_irelease_wait
                0x0000452c                tn_task_exit
                0x00004698                tn_task_terminate
                0x000048ac                tn_task_delete
                0x0000498c                tn_task_change_priority
                0x00004abc                find_next_task_to_run
                0x00004b70                task_to_non_runnable
                0x00004c38                task_to_runnable
                0x00004cf0                task_wait_complete
                0x00004e84                task_curr_to_wait_action
                0x00004f60                change_running_task_priority
                0x00005050                set_current_priority
                0x00005108                task_set_dormant_state
 .text          0x000051f8      0x4c0 C:/Docume~1/engineer/workspace/TNKernel_namuru_nano_glonass/GCC/OBJ/tn_utils.o
                0x000051f8                queue_reset
                0x00005230                is_queue_empty
                0x00005284                queue_add_head
                0x000052dc                queue_add_tail
                0x00005334                queue_remove_head
                0x000053ac                queue_remove_tail
                0x00005418                queue_remove_entry
                0x0000545c                queue_contains_entry
                0x000054c8                dque_fifo_write
                0x000055dc                dque_fifo_read
 .text          0x000056b8       0xf4 C:/Docume~1/engineer/workspace/TNKernel_namuru_nano_glonass/GCC/OBJ/tn_user.o
                0x000056b8                tn_cpu_irq_handler
                0x00005780                tn_cpu_int_enable
 .text          0x000057ac      0x6c8 C:/Docume~1/engineer/workspace/TNKernel_namuru_nano_glonass/GCC/OBJ/utils.o
                0x00005c80                HardwareInit
                0x00005ce8                Led1On
                0x00005d14                Led1Off
                0x00005d40                Led2On
                0x00005d6c                Led2Off
                0x00005d98                exs_send_to_uart
                0x00005e04                async_mem_write
                0x00005e3c                async_mem_read
 .text          0x00005e74      0xa68 C:/Docume~1/engineer/workspace/TNKernel_namuru_nano_glonass/GCC/OBJ/tn_sprintf.o
                0x00005e74                tn_snprintf
                0x00005ec4                vStrPrintf
                0x00005f24                vStrXPrintf
 *fill*         0x000068dc        0x4 00
 .text          0x000068e0     0x2ce0 C:/Docume~1/engineer/workspace/TNKernel_namuru_nano_glonass/GCC/OBJ/namuro_nano_tnkernel.o
                0x000068e0                main
                0x00006c58                tn_app_init
                0x00006e8c                task_led1_func
                0x00006edc                task_checkmem_func
                0x0000710c                task_alloc_func
                0x000078d8                task_disp_func
                0x00007dec                task_meas_func
                0x00007e44                task_accum_func
 .text          0x000095c0      0x174 c:/progra~1/codesourcery/source~1/bin/../lib/gcc/arm-none-eabi/4.5.2/../../../../arm-none-eabi/lib\libm.a(lib_a-w_log10.o)
                0x000095c0                log10
 *fill*         0x00009734        0x4 00
 .text          0x00009738      0x190 c:/progra~1/codesourcery/source~1/bin/../lib/gcc/arm-none-eabi/4.5.2/../../../../arm-none-eabi/lib\libm.a(lib_a-e_log10.o)
                0x00009738                __ieee754_log10
 .text          0x000098c8       0x8c c:/progra~1/codesourcery/source~1/bin/../lib/gcc/arm-none-eabi/4.5.2/../../../../arm-none-eabi/lib\libm.a(lib_a-s_fpclassify.o)
                0x000098c8                __fpclassifyd
 .text          0x00009954        0x0 c:/progra~1/codesourcery/source~1/bin/../lib/gcc/arm-none-eabi/4.5.2/../../../../arm-none-eabi/lib\libm.a(lib_a-s_lib_ver.o)
 .text          0x00009954        0x8 c:/progra~1/codesourcery/source~1/bin/../lib/gcc/arm-none-eabi/4.5.2/../../../../arm-none-eabi/lib\libm.a(lib_a-s_matherr.o)
                0x00009954                matherr
 .text          0x0000995c       0x10 c:/progra~1/codesourcery/source~1/bin/../lib/gcc/arm-none-eabi/4.5.2/../../../../arm-none-eabi/lib\libm.a(lib_a-s_nan.o)
                0x0000995c                nan
 *fill*         0x0000996c        0x4 00
 .text          0x00009970      0x5b0 c:/progra~1/codesourcery/source~1/bin/../lib/gcc/arm-none-eabi/4.5.2/../../../../arm-none-eabi/lib\libm.a(lib_a-e_log.o)
                0x00009970                __ieee754_log
 .text          0x00009f20       0x10 c:/progra~1/codesourcery/source~1/bin/../lib/gcc/arm-none-eabi/4.5.2/../../../../arm-none-eabi/lib\libc.a(lib_a-errno.o)
                0x00009f20                __errno
 .text          0x00009f30        0x0 c:/progra~1/codesourcery/source~1/bin/../lib/gcc/arm-none-eabi/4.5.2/../../../../arm-none-eabi/lib\libc.a(lib_a-impure.o)
 .text          0x00009f30      0x114 c:/progra~1/codesourcery/source~1/bin/../lib/gcc/arm-none-eabi/4.5.2\libgcc.a(_udivsi3.o)
                0x00009f30                __aeabi_uidiv
                0x00009f30                __udivsi3
                0x0000a024                __aeabi_uidivmod
 .text          0x0000a044      0x148 c:/progra~1/codesourcery/source~1/bin/../lib/gcc/arm-none-eabi/4.5.2\libgcc.a(_divsi3.o)
                0x0000a044                __divsi3
                0x0000a044                __aeabi_idiv
                0x0000a16c                __aeabi_idivmod
 .text          0x0000a18c        0x4 c:/progra~1/codesourcery/source~1/bin/../lib/gcc/arm-none-eabi/4.5.2\libgcc.a(_dvmd_tls.o)
                0x0000a18c                __aeabi_idiv0
                0x0000a18c                __aeabi_ldiv0
 .text          0x0000a190      0x41c c:/progra~1/codesourcery/source~1/bin/../lib/gcc/arm-none-eabi/4.5.2\libgcc.a(_arm_addsubdf3.o)
                0x0000a190                __aeabi_drsub
                0x0000a198                __aeabi_dsub
                0x0000a198                __subdf3
                0x0000a19c                __aeabi_dadd
                0x0000a19c                __adddf3
                0x0000a4ac                __floatunsidf
                0x0000a4ac                __aeabi_ui2d
                0x0000a4d0                __floatsidf
                0x0000a4d0                __aeabi_i2d
                0x0000a4f8                __aeabi_f2d
                0x0000a4f8                __extendsfdf2
                0x0000a538                __floatundidf
                0x0000a538                __aeabi_ul2d
                0x0000a54c                __floatdidf
                0x0000a54c                __aeabi_l2d
 .text          0x0000a5ac      0x49c c:/progra~1/codesourcery/source~1/bin/../lib/gcc/arm-none-eabi/4.5.2\libgcc.a(_arm_muldivdf3.o)
                0x0000a5ac                __aeabi_dmul
                0x0000a5ac                __muldf3
                0x0000a83c                __divdf3
                0x0000a83c                __aeabi_ddiv
 .text          0x0000aa48      0x144 c:/progra~1/codesourcery/source~1/bin/../lib/gcc/arm-none-eabi/4.5.2\libgcc.a(_arm_cmpdf2.o)
                0x0000aa48                __gtdf2
                0x0000aa48                __gedf2
                0x0000aa50                __ltdf2
                0x0000aa50                __ledf2
                0x0000aa58                __nedf2
                0x0000aa58                __eqdf2
                0x0000aa58                __cmpdf2
                0x0000aae0                __aeabi_cdrcmple
                0x0000aafc                __aeabi_cdcmpeq
                0x0000aafc                __aeabi_cdcmple
                0x0000ab14                __aeabi_dcmpeq
                0x0000ab2c                __aeabi_dcmplt
                0x0000ab44                __aeabi_dcmple
                0x0000ab5c                __aeabi_dcmpge
                0x0000ab74                __aeabi_dcmpgt
 .text          0x0000ab8c       0x5c c:/progra~1/codesourcery/source~1/bin/../lib/gcc/arm-none-eabi/4.5.2\libgcc.a(_arm_fixdfsi.o)
                0x0000ab8c                __aeabi_d2iz
                0x0000ab8c                __fixdfsi
 *(.rodata)
 .rodata        0x0000abe8       0xac C:/Docume~1/engineer/workspace/TNKernel_namuru_nano_glonass/GCC/OBJ/namuro_nano_tnkernel.o
 .rodata        0x0000ac94        0x4 c:/progra~1/codesourcery/source~1/bin/../lib/gcc/arm-none-eabi/4.5.2/../../../../arm-none-eabi/lib\libc.a(lib_a-impure.o)
                0x0000ac94                _global_impure_ptr
 *(.rodata*)
 .rodata.str1.4
                0x0000ac98        0x9 c:/progra~1/codesourcery/source~1/bin/../lib/gcc/arm-none-eabi/4.5.2/../../../../arm-none-eabi/lib\libm.a(lib_a-w_log10.o)
                                  0xc (size before relaxing)
 *fill*         0x0000aca1        0x3 00
 .rodata.str1.4
                0x0000aca4        0x4 c:/progra~1/codesourcery/source~1/bin/../lib/gcc/arm-none-eabi/4.5.2/../../../../arm-none-eabi/lib\libc.a(lib_a-impure.o)
 *(.glue_7)
 .glue_7        0x00000000        0x0 linker stubs
 *(.glue_7t)
 .glue_7t       0x00000000        0x0 linker stubs

.vfp11_veneer   0x0000aca8        0x0
 .vfp11_veneer  0x00000000        0x0 linker stubs

.v4_bx          0x0000aca8        0x0
 .v4_bx         0x00000000        0x0 linker stubs
                0x0000aca8                . = ALIGN (0x4)
                0x0000aca8                _etext = .
                0x0000aca8                PROVIDE (etext, .)

.data           0x40000000      0x478 load address 0x0000aca8
                0x40000000                _data = .
 *(.data)
 .data          0x40000000        0x0 C:/Docume~1/engineer/workspace/TNKernel_namuru_nano_glonass/GCC/OBJ/tnkernel_startup_gcc.o
 .data          0x40000000        0x0 C:/Docume~1/engineer/workspace/TNKernel_namuru_nano_glonass/GCC/OBJ/startup_hardware_init.o
 .data          0x40000000        0x0 C:/Docume~1/engineer/workspace/TNKernel_namuru_nano_glonass/GCC/OBJ/tn_port_gcc.o
 .data          0x40000000        0x0 C:/Docume~1/engineer/workspace/TNKernel_namuru_nano_glonass/GCC/OBJ/tn.o
 .data          0x40000000        0x0 C:/Docume~1/engineer/workspace/TNKernel_namuru_nano_glonass/GCC/OBJ/tn_dqueue.o
 .data          0x40000000        0x0 C:/Docume~1/engineer/workspace/TNKernel_namuru_nano_glonass/GCC/OBJ/tn_event.o
 .data          0x40000000        0x0 C:/Docume~1/engineer/workspace/TNKernel_namuru_nano_glonass/GCC/OBJ/tn_mem.o
 .data          0x40000000        0x0 C:/Docume~1/engineer/workspace/TNKernel_namuru_nano_glonass/GCC/OBJ/tn_mutex.o
 .data          0x40000000        0x0 C:/Docume~1/engineer/workspace/TNKernel_namuru_nano_glonass/GCC/OBJ/tn_port_arm.o
 .data          0x40000000        0x0 C:/Docume~1/engineer/workspace/TNKernel_namuru_nano_glonass/GCC/OBJ/tn_sem.o
 .data          0x40000000        0x0 C:/Docume~1/engineer/workspace/TNKernel_namuru_nano_glonass/GCC/OBJ/tn_tasks.o
 .data          0x40000000        0x0 C:/Docume~1/engineer/workspace/TNKernel_namuru_nano_glonass/GCC/OBJ/tn_utils.o
 .data          0x40000000        0x0 C:/Docume~1/engineer/workspace/TNKernel_namuru_nano_glonass/GCC/OBJ/tn_user.o
 .data          0x40000000        0x0 C:/Docume~1/engineer/workspace/TNKernel_namuru_nano_glonass/GCC/OBJ/utils.o
 .data          0x40000000        0x0 C:/Docume~1/engineer/workspace/TNKernel_namuru_nano_glonass/GCC/OBJ/tn_sprintf.o
 .data          0x40000000       0x44 C:/Docume~1/engineer/workspace/TNKernel_namuru_nano_glonass/GCC/OBJ/namuro_nano_tnkernel.o
                0x40000000                prntaps
 .data          0x40000044        0x0 c:/progra~1/codesourcery/source~1/bin/../lib/gcc/arm-none-eabi/4.5.2/../../../../arm-none-eabi/lib\libm.a(lib_a-w_log10.o)
 .data          0x40000044        0x0 c:/progra~1/codesourcery/source~1/bin/../lib/gcc/arm-none-eabi/4.5.2/../../../../arm-none-eabi/lib\libm.a(lib_a-e_log10.o)
 .data          0x40000044        0x0 c:/progra~1/codesourcery/source~1/bin/../lib/gcc/arm-none-eabi/4.5.2/../../../../arm-none-eabi/lib\libm.a(lib_a-s_fpclassify.o)
 .data          0x40000044        0x1 c:/progra~1/codesourcery/source~1/bin/../lib/gcc/arm-none-eabi/4.5.2/../../../../arm-none-eabi/lib\libm.a(lib_a-s_lib_ver.o)
                0x40000044                __fdlib_version
 .data          0x40000045        0x0 c:/progra~1/codesourcery/source~1/bin/../lib/gcc/arm-none-eabi/4.5.2/../../../../arm-none-eabi/lib\libm.a(lib_a-s_matherr.o)
 .data          0x40000045        0x0 c:/progra~1/codesourcery/source~1/bin/../lib/gcc/arm-none-eabi/4.5.2/../../../../arm-none-eabi/lib\libm.a(lib_a-s_nan.o)
 .data          0x40000045        0x0 c:/progra~1/codesourcery/source~1/bin/../lib/gcc/arm-none-eabi/4.5.2/../../../../arm-none-eabi/lib\libm.a(lib_a-e_log.o)
 .data          0x40000045        0x0 c:/progra~1/codesourcery/source~1/bin/../lib/gcc/arm-none-eabi/4.5.2/../../../../arm-none-eabi/lib\libc.a(lib_a-errno.o)
 *fill*         0x40000045        0x3 00
 .data          0x40000048      0x430 c:/progra~1/codesourcery/source~1/bin/../lib/gcc/arm-none-eabi/4.5.2/../../../../arm-none-eabi/lib\libc.a(lib_a-impure.o)
                0x40000048                _impure_ptr
 .data          0x40000478        0x0 c:/progra~1/codesourcery/source~1/bin/../lib/gcc/arm-none-eabi/4.5.2\libgcc.a(_udivsi3.o)
 .data          0x40000478        0x0 c:/progra~1/codesourcery/source~1/bin/../lib/gcc/arm-none-eabi/4.5.2\libgcc.a(_divsi3.o)
 .data          0x40000478        0x0 c:/progra~1/codesourcery/source~1/bin/../lib/gcc/arm-none-eabi/4.5.2\libgcc.a(_dvmd_tls.o)
 .data          0x40000478        0x0 c:/progra~1/codesourcery/source~1/bin/../lib/gcc/arm-none-eabi/4.5.2\libgcc.a(_arm_addsubdf3.o)
 .data          0x40000478        0x0 c:/progra~1/codesourcery/source~1/bin/../lib/gcc/arm-none-eabi/4.5.2\libgcc.a(_arm_muldivdf3.o)
 .data          0x40000478        0x0 c:/progra~1/codesourcery/source~1/bin/../lib/gcc/arm-none-eabi/4.5.2\libgcc.a(_arm_cmpdf2.o)
 .data          0x40000478        0x0 c:/progra~1/codesourcery/source~1/bin/../lib/gcc/arm-none-eabi/4.5.2\libgcc.a(_arm_fixdfsi.o)
                0x40000478                . = ALIGN (0x4)
                0x40000478                _edata = .
                0x40000478                PROVIDE (edata, .)

.bss            0x40000478     0x9228 load address 0x0000b120
                0x40000478                __bss_start = .
                0x40000478                __bss_start__ = .
 *(.bss)
 .bss           0x40000478        0x0 C:/Docume~1/engineer/workspace/TNKernel_namuru_nano_glonass/GCC/OBJ/tnkernel_startup_gcc.o
 .bss           0x40000478        0x0 C:/Docume~1/engineer/workspace/TNKernel_namuru_nano_glonass/GCC/OBJ/startup_hardware_init.o
 .bss           0x40000478        0x0 C:/Docume~1/engineer/workspace/TNKernel_namuru_nano_glonass/GCC/OBJ/tn_port_gcc.o
 .bss           0x40000478        0x0 C:/Docume~1/engineer/workspace/TNKernel_namuru_nano_glonass/GCC/OBJ/tn.o
 .bss           0x40000478        0x0 C:/Docume~1/engineer/workspace/TNKernel_namuru_nano_glonass/GCC/OBJ/tn_dqueue.o
 .bss           0x40000478        0x0 C:/Docume~1/engineer/workspace/TNKernel_namuru_nano_glonass/GCC/OBJ/tn_event.o
 .bss           0x40000478        0x0 C:/Docume~1/engineer/workspace/TNKernel_namuru_nano_glonass/GCC/OBJ/tn_mem.o
 .bss           0x40000478        0x0 C:/Docume~1/engineer/workspace/TNKernel_namuru_nano_glonass/GCC/OBJ/tn_mutex.o
 .bss           0x40000478        0x0 C:/Docume~1/engineer/workspace/TNKernel_namuru_nano_glonass/GCC/OBJ/tn_port_arm.o
 .bss           0x40000478        0x0 C:/Docume~1/engineer/workspace/TNKernel_namuru_nano_glonass/GCC/OBJ/tn_sem.o
 .bss           0x40000478        0x0 C:/Docume~1/engineer/workspace/TNKernel_namuru_nano_glonass/GCC/OBJ/tn_tasks.o
 .bss           0x40000478        0x0 C:/Docume~1/engineer/workspace/TNKernel_namuru_nano_glonass/GCC/OBJ/tn_utils.o
 .bss           0x40000478        0x0 C:/Docume~1/engineer/workspace/TNKernel_namuru_nano_glonass/GCC/OBJ/tn_user.o
 .bss           0x40000478        0x0 C:/Docume~1/engineer/workspace/TNKernel_namuru_nano_glonass/GCC/OBJ/utils.o
 .bss           0x40000478        0x0 C:/Docume~1/engineer/workspace/TNKernel_namuru_nano_glonass/GCC/OBJ/tn_sprintf.o
 .bss           0x40000478        0x0 C:/Docume~1/engineer/workspace/TNKernel_namuru_nano_glonass/GCC/OBJ/namuro_nano_tnkernel.o
 .bss           0x40000478        0x0 c:/progra~1/codesourcery/source~1/bin/../lib/gcc/arm-none-eabi/4.5.2/../../../../arm-none-eabi/lib\libm.a(lib_a-w_log10.o)
 .bss           0x40000478        0x0 c:/progra~1/codesourcery/source~1/bin/../lib/gcc/arm-none-eabi/4.5.2/../../../../arm-none-eabi/lib\libm.a(lib_a-e_log10.o)
 .bss           0x40000478        0x0 c:/progra~1/codesourcery/source~1/bin/../lib/gcc/arm-none-eabi/4.5.2/../../../../arm-none-eabi/lib\libm.a(lib_a-s_fpclassify.o)
 .bss           0x40000478        0x0 c:/progra~1/codesourcery/source~1/bin/../lib/gcc/arm-none-eabi/4.5.2/../../../../arm-none-eabi/lib\libm.a(lib_a-s_lib_ver.o)
 .bss           0x40000478        0x0 c:/progra~1/codesourcery/source~1/bin/../lib/gcc/arm-none-eabi/4.5.2/../../../../arm-none-eabi/lib\libm.a(lib_a-s_matherr.o)
 .bss           0x40000478        0x0 c:/progra~1/codesourcery/source~1/bin/../lib/gcc/arm-none-eabi/4.5.2/../../../../arm-none-eabi/lib\libm.a(lib_a-s_nan.o)
 .bss           0x40000478        0x0 c:/progra~1/codesourcery/source~1/bin/../lib/gcc/arm-none-eabi/4.5.2/../../../../arm-none-eabi/lib\libm.a(lib_a-e_log.o)
 .bss           0x40000478        0x0 c:/progra~1/codesourcery/source~1/bin/../lib/gcc/arm-none-eabi/4.5.2/../../../../arm-none-eabi/lib\libc.a(lib_a-errno.o)
 .bss           0x40000478        0x0 c:/progra~1/codesourcery/source~1/bin/../lib/gcc/arm-none-eabi/4.5.2/../../../../arm-none-eabi/lib\libc.a(lib_a-impure.o)
 .bss           0x40000478        0x0 c:/progra~1/codesourcery/source~1/bin/../lib/gcc/arm-none-eabi/4.5.2\libgcc.a(_udivsi3.o)
 .bss           0x40000478        0x0 c:/progra~1/codesourcery/source~1/bin/../lib/gcc/arm-none-eabi/4.5.2\libgcc.a(_divsi3.o)
 .bss           0x40000478        0x0 c:/progra~1/codesourcery/source~1/bin/../lib/gcc/arm-none-eabi/4.5.2\libgcc.a(_dvmd_tls.o)
 .bss           0x40000478        0x0 c:/progra~1/codesourcery/source~1/bin/../lib/gcc/arm-none-eabi/4.5.2\libgcc.a(_arm_addsubdf3.o)
 .bss           0x40000478        0x0 c:/progra~1/codesourcery/source~1/bin/../lib/gcc/arm-none-eabi/4.5.2\libgcc.a(_arm_muldivdf3.o)
 .bss           0x40000478        0x0 c:/progra~1/codesourcery/source~1/bin/../lib/gcc/arm-none-eabi/4.5.2\libgcc.a(_arm_cmpdf2.o)
 .bss           0x40000478        0x0 c:/progra~1/codesourcery/source~1/bin/../lib/gcc/arm-none-eabi/4.5.2\libgcc.a(_arm_fixdfsi.o)
 *(COMMON)
 COMMON         0x40000478      0x44c C:/Docume~1/engineer/workspace/TNKernel_namuru_nano_glonass/GCC/OBJ/tn.o
                0x40000478                tn_timer_task_stack
                0x400005b8                tn_idle_count
                0x400005bc                tn_curr_run_task
                0x400005c0                tn_next_task_to_run
                0x400005c4                tn_system_state
                0x400005c8                tn_wait_timeout_list
                0x400005d0                tn_timer_task
                0x40000640                tn_created_tasks_qty
                0x40000644                tn_curr_performance
                0x40000648                tn_create_queue
                0x40000650                tn_idle_task
                0x400006c0                tn_ready_list
                0x400007c0                tn_tslice_ticks
                0x40000800                tn_idle_task_stack
                0x400008c0                tn_ready_to_run_bmp
 COMMON         0x400008c4     0x8dda C:/Docume~1/engineer/workspace/TNKernel_namuru_nano_glonass/GCC/OBJ/namuro_nano_tnkernel.o
                0x400008c4                CH
                0x40000a2c                task_accum
                0x40000a9c                task_meas_stack
                0x40002a9c                task_disp
                0x40002b0c                task_disp_stack
                0x40004b0c                task_led1_stack
                0x40004d0c                task_accum_stack
                0x40006d0c                task_alloc_stack
                0x40008d0c                queueTxUart
                0x40008d30                SemMeas
                0x40008d44                task_checkmem_stack
                0x40009144                queueTxUartMem
                0x40009244                task_uart_tx_stack
                0x40009444                task_led1
                0x400094b4                task_alloc
                0x40009524                semTxUart
                0x40009538                task_uart_tx
                0x400095a8                SemISR
                0x400095bc                task_checkmem
                0x4000962c                task_meas
                0x4000969c                status
                0x400096a0                . = ALIGN (0x4)
 *fill*         0x4000969e        0x2 00
                0x400096a0                . = ALIGN (0x4)
                0x400096a0                __bss_end__ = .
                0x400096a0                PROVIDE (__bss_end, .)

.heap           0x400096a0        0x0
                0x400096a0                __heap_start__ = .
 *(.heap)
                0x40009aa0                __heap_end__ = (__heap_start__ + heap_size)

.stack_bottom   0x40009aa0        0x0
                0x40009aa0                __stack__bottom__ = .
 *(.stack)
                0x40009ab0                __stack_bottom_end__ = (__stack__bottom__ + stack_fiq_size)

.stack_fiq_bottom
                0x40009ab0        0x0
                0x40009ab0                __stack__fiq_bottom__ = .
 *(.stack)
                0x40009bb0                __stack_fiq_bottom_end__ = (__stack__fiq_bottom__ + stack_irq_size)

.stack_irq_bottom
                0x40009bb0        0x0
                0x40009bb0                __stack_irq_bottom__ = .
 *(.stack)
                0x40009fb0                __stack_irq_bottom_end__ = (__stack_irq_bottom__ + stack_app_size)
                0x40009bb0                _end = .
                0x40009bb0                PROVIDE (end, .)

.stab
 *(.stab)

.stabstr
 *(.stabstr)

.stab.excl
 *(.stab.excl)

.stab.exclstr
 *(.stab.exclstr)

.stab.index
 *(.stab.index)

.stab.indexstr
 *(.stab.indexstr)

.ARM.attributes
                0x00000000       0x28
 .ARM.attributes
                0x00000000       0x1c C:/Docume~1/engineer/workspace/TNKernel_namuru_nano_glonass/GCC/OBJ/tnkernel_startup_gcc.o
 .ARM.attributes
                0x0000001c       0x1c C:/Docume~1/engineer/workspace/TNKernel_namuru_nano_glonass/GCC/OBJ/startup_hardware_init.o
 .ARM.attributes
                0x00000038       0x1c C:/Docume~1/engineer/workspace/TNKernel_namuru_nano_glonass/GCC/OBJ/tn_port_gcc.o
 .ARM.attributes
                0x00000054       0x32 C:/Docume~1/engineer/workspace/TNKernel_namuru_nano_glonass/GCC/OBJ/tn.o
 .ARM.attributes
                0x00000086       0x32 C:/Docume~1/engineer/workspace/TNKernel_namuru_nano_glonass/GCC/OBJ/tn_dqueue.o
 .ARM.attributes
                0x000000b8       0x32 C:/Docume~1/engineer/workspace/TNKernel_namuru_nano_glonass/GCC/OBJ/tn_event.o
 .ARM.attributes
                0x000000ea       0x32 C:/Docume~1/engineer/workspace/TNKernel_namuru_nano_glonass/GCC/OBJ/tn_mem.o
 .ARM.attributes
                0x0000011c       0x32 C:/Docume~1/engineer/workspace/TNKernel_namuru_nano_glonass/GCC/OBJ/tn_mutex.o
 .ARM.attributes
                0x0000014e       0x32 C:/Docume~1/engineer/workspace/TNKernel_namuru_nano_glonass/GCC/OBJ/tn_port_arm.o
 .ARM.attributes
                0x00000180       0x32 C:/Docume~1/engineer/workspace/TNKernel_namuru_nano_glonass/GCC/OBJ/tn_sem.o
 .ARM.attributes
                0x000001b2       0x32 C:/Docume~1/engineer/workspace/TNKernel_namuru_nano_glonass/GCC/OBJ/tn_tasks.o
 .ARM.attributes
                0x000001e4       0x32 C:/Docume~1/engineer/workspace/TNKernel_namuru_nano_glonass/GCC/OBJ/tn_utils.o
 .ARM.attributes
                0x00000216       0x32 C:/Docume~1/engineer/workspace/TNKernel_namuru_nano_glonass/GCC/OBJ/tn_user.o
 .ARM.attributes
                0x00000248       0x32 C:/Docume~1/engineer/workspace/TNKernel_namuru_nano_glonass/GCC/OBJ/utils.o
 .ARM.attributes
                0x0000027a       0x32 C:/Docume~1/engineer/workspace/TNKernel_namuru_nano_glonass/GCC/OBJ/tn_sprintf.o
 .ARM.attributes
                0x000002ac       0x32 C:/Docume~1/engineer/workspace/TNKernel_namuru_nano_glonass/GCC/OBJ/namuro_nano_tnkernel.o
 .ARM.attributes
                0x000002de       0x34 c:/progra~1/codesourcery/source~1/bin/../lib/gcc/arm-none-eabi/4.5.2/../../../../arm-none-eabi/lib\libm.a(lib_a-w_log10.o)
 .ARM.attributes
                0x00000312       0x34 c:/progra~1/codesourcery/source~1/bin/../lib/gcc/arm-none-eabi/4.5.2/../../../../arm-none-eabi/lib\libm.a(lib_a-e_log10.o)
 .ARM.attributes
                0x00000346       0x34 c:/progra~1/codesourcery/source~1/bin/../lib/gcc/arm-none-eabi/4.5.2/../../../../arm-none-eabi/lib\libm.a(lib_a-s_fpclassify.o)
 .ARM.attributes
                0x0000037a       0x34 c:/progra~1/codesourcery/source~1/bin/../lib/gcc/arm-none-eabi/4.5.2/../../../../arm-none-eabi/lib\libm.a(lib_a-s_lib_ver.o)
 .ARM.attributes
                0x000003ae       0x34 c:/progra~1/codesourcery/source~1/bin/../lib/gcc/arm-none-eabi/4.5.2/../../../../arm-none-eabi/lib\libm.a(lib_a-s_matherr.o)
 .ARM.attributes
                0x000003e2       0x34 c:/progra~1/codesourcery/source~1/bin/../lib/gcc/arm-none-eabi/4.5.2/../../../../arm-none-eabi/lib\libm.a(lib_a-s_nan.o)
 .ARM.attributes
                0x00000416       0x34 c:/progra~1/codesourcery/source~1/bin/../lib/gcc/arm-none-eabi/4.5.2/../../../../arm-none-eabi/lib\libm.a(lib_a-e_log.o)
 .ARM.attributes
                0x0000044a       0x34 c:/progra~1/codesourcery/source~1/bin/../lib/gcc/arm-none-eabi/4.5.2/../../../../arm-none-eabi/lib\libc.a(lib_a-errno.o)
 .ARM.attributes
                0x0000047e       0x34 c:/progra~1/codesourcery/source~1/bin/../lib/gcc/arm-none-eabi/4.5.2/../../../../arm-none-eabi/lib\libc.a(lib_a-impure.o)
 .ARM.attributes
                0x000004b2       0x1a c:/progra~1/codesourcery/source~1/bin/../lib/gcc/arm-none-eabi/4.5.2\libgcc.a(_udivsi3.o)
 .ARM.attributes
                0x000004cc       0x1a c:/progra~1/codesourcery/source~1/bin/../lib/gcc/arm-none-eabi/4.5.2\libgcc.a(_divsi3.o)
 .ARM.attributes
                0x000004e6       0x18 c:/progra~1/codesourcery/source~1/bin/../lib/gcc/arm-none-eabi/4.5.2\libgcc.a(_dvmd_tls.o)
 .ARM.attributes
                0x000004fe       0x1a c:/progra~1/codesourcery/source~1/bin/../lib/gcc/arm-none-eabi/4.5.2\libgcc.a(_arm_addsubdf3.o)
 .ARM.attributes
                0x00000518       0x1a c:/progra~1/codesourcery/source~1/bin/../lib/gcc/arm-none-eabi/4.5.2\libgcc.a(_arm_muldivdf3.o)
 .ARM.attributes
                0x00000532       0x1a c:/progra~1/codesourcery/source~1/bin/../lib/gcc/arm-none-eabi/4.5.2\libgcc.a(_arm_cmpdf2.o)
 .ARM.attributes
                0x0000054c       0x1a c:/progra~1/codesourcery/source~1/bin/../lib/gcc/arm-none-eabi/4.5.2\libgcc.a(_arm_fixdfsi.o)

.comment        0x00000000       0x2a
 *(.comment)
 .comment       0x00000000       0x2a C:/Docume~1/engineer/workspace/TNKernel_namuru_nano_glonass/GCC/OBJ/tn.o
                                 0x2b (size before relaxing)
 .comment       0x00000000       0x2b C:/Docume~1/engineer/workspace/TNKernel_namuru_nano_glonass/GCC/OBJ/tn_dqueue.o
 .comment       0x00000000       0x2b C:/Docume~1/engineer/workspace/TNKernel_namuru_nano_glonass/GCC/OBJ/tn_event.o
 .comment       0x00000000       0x2b C:/Docume~1/engineer/workspace/TNKernel_namuru_nano_glonass/GCC/OBJ/tn_mem.o
 .comment       0x00000000       0x2b C:/Docume~1/engineer/workspace/TNKernel_namuru_nano_glonass/GCC/OBJ/tn_mutex.o
 .comment       0x00000000       0x2b C:/Docume~1/engineer/workspace/TNKernel_namuru_nano_glonass/GCC/OBJ/tn_port_arm.o
 .comment       0x00000000       0x2b C:/Docume~1/engineer/workspace/TNKernel_namuru_nano_glonass/GCC/OBJ/tn_sem.o
 .comment       0x00000000       0x2b C:/Docume~1/engineer/workspace/TNKernel_namuru_nano_glonass/GCC/OBJ/tn_tasks.o
 .comment       0x00000000       0x2b C:/Docume~1/engineer/workspace/TNKernel_namuru_nano_glonass/GCC/OBJ/tn_utils.o
 .comment       0x00000000       0x2b C:/Docume~1/engineer/workspace/TNKernel_namuru_nano_glonass/GCC/OBJ/tn_user.o
 .comment       0x00000000       0x2b C:/Docume~1/engineer/workspace/TNKernel_namuru_nano_glonass/GCC/OBJ/utils.o
 .comment       0x00000000       0x2b C:/Docume~1/engineer/workspace/TNKernel_namuru_nano_glonass/GCC/OBJ/tn_sprintf.o
 .comment       0x00000000       0x2b C:/Docume~1/engineer/workspace/TNKernel_namuru_nano_glonass/GCC/OBJ/namuro_nano_tnkernel.o

.debug
 *(.debug)

.line
 *(.line)

.debug_srcinfo
 *(.debug_srcinfo)

.debug_sfnames
 *(.debug_sfnames)

.debug_aranges  0x00000000      0x1a0
 *(.debug_aranges)
 .debug_aranges
                0x00000000       0x20 C:/Docume~1/engineer/workspace/TNKernel_namuru_nano_glonass/GCC/OBJ/tn.o
 .debug_aranges
                0x00000020       0x20 C:/Docume~1/engineer/workspace/TNKernel_namuru_nano_glonass/GCC/OBJ/tn_dqueue.o
 .debug_aranges
                0x00000040       0x20 C:/Docume~1/engineer/workspace/TNKernel_namuru_nano_glonass/GCC/OBJ/tn_event.o
 .debug_aranges
                0x00000060       0x20 C:/Docume~1/engineer/workspace/TNKernel_namuru_nano_glonass/GCC/OBJ/tn_mem.o
 .debug_aranges
                0x00000080       0x20 C:/Docume~1/engineer/workspace/TNKernel_namuru_nano_glonass/GCC/OBJ/tn_mutex.o
 .debug_aranges
                0x000000a0       0x20 C:/Docume~1/engineer/workspace/TNKernel_namuru_nano_glonass/GCC/OBJ/tn_port_arm.o
 .debug_aranges
                0x000000c0       0x20 C:/Docume~1/engineer/workspace/TNKernel_namuru_nano_glonass/GCC/OBJ/tn_sem.o
 .debug_aranges
                0x000000e0       0x20 C:/Docume~1/engineer/workspace/TNKernel_namuru_nano_glonass/GCC/OBJ/tn_tasks.o
 .debug_aranges
                0x00000100       0x20 C:/Docume~1/engineer/workspace/TNKernel_namuru_nano_glonass/GCC/OBJ/tn_utils.o
 .debug_aranges
                0x00000120       0x20 C:/Docume~1/engineer/workspace/TNKernel_namuru_nano_glonass/GCC/OBJ/tn_user.o
 .debug_aranges
                0x00000140       0x20 C:/Docume~1/engineer/workspace/TNKernel_namuru_nano_glonass/GCC/OBJ/utils.o
 .debug_aranges
                0x00000160       0x20 C:/Docume~1/engineer/workspace/TNKernel_namuru_nano_glonass/GCC/OBJ/tn_sprintf.o
 .debug_aranges
                0x00000180       0x20 C:/Docume~1/engineer/workspace/TNKernel_namuru_nano_glonass/GCC/OBJ/namuro_nano_tnkernel.o

.debug_pubnames
                0x00000000      0xb2b
 *(.debug_pubnames)
 .debug_pubnames
                0x00000000      0x19a C:/Docume~1/engineer/workspace/TNKernel_namuru_nano_glonass/GCC/OBJ/tn.o
 .debug_pubnames
                0x0000019a       0xc9 C:/Docume~1/engineer/workspace/TNKernel_namuru_nano_glonass/GCC/OBJ/tn_dqueue.o
 .debug_pubnames
                0x00000263       0xc3 C:/Docume~1/engineer/workspace/TNKernel_namuru_nano_glonass/GCC/OBJ/tn_event.o
 .debug_pubnames
                0x00000326       0xa2 C:/Docume~1/engineer/workspace/TNKernel_namuru_nano_glonass/GCC/OBJ/tn_mem.o
 .debug_pubnames
                0x000003c8       0xac C:/Docume~1/engineer/workspace/TNKernel_namuru_nano_glonass/GCC/OBJ/tn_mutex.o
 .debug_pubnames
                0x00000474       0x24 C:/Docume~1/engineer/workspace/TNKernel_namuru_nano_glonass/GCC/OBJ/tn_port_arm.o
 .debug_pubnames
                0x00000498       0x95 C:/Docume~1/engineer/workspace/TNKernel_namuru_nano_glonass/GCC/OBJ/tn_sem.o
 .debug_pubnames
                0x0000052d      0x20a C:/Docume~1/engineer/workspace/TNKernel_namuru_nano_glonass/GCC/OBJ/tn_tasks.o
 .debug_pubnames
                0x00000737       0xde C:/Docume~1/engineer/workspace/TNKernel_namuru_nano_glonass/GCC/OBJ/tn_utils.o
 .debug_pubnames
                0x00000815       0x3f C:/Docume~1/engineer/workspace/TNKernel_namuru_nano_glonass/GCC/OBJ/tn_user.o
 .debug_pubnames
                0x00000854       0x8d C:/Docume~1/engineer/workspace/TNKernel_namuru_nano_glonass/GCC/OBJ/utils.o
 .debug_pubnames
                0x000008e1       0x41 C:/Docume~1/engineer/workspace/TNKernel_namuru_nano_glonass/GCC/OBJ/tn_sprintf.o
 .debug_pubnames
                0x00000922      0x209 C:/Docume~1/engineer/workspace/TNKernel_namuru_nano_glonass/GCC/OBJ/namuro_nano_tnkernel.o

.debug_info     0x00000000     0x43a7
 *(.debug_info .gnu.linkonce.wi.*)
 .debug_info    0x00000000      0x56f C:/Docume~1/engineer/workspace/TNKernel_namuru_nano_glonass/GCC/OBJ/tn.o
 .debug_info    0x0000056f      0x5e8 C:/Docume~1/engineer/workspace/TNKernel_namuru_nano_glonass/GCC/OBJ/tn_dqueue.o
 .debug_info    0x00000b57      0x5e6 C:/Docume~1/engineer/workspace/TNKernel_namuru_nano_glonass/GCC/OBJ/tn_event.o
 .debug_info    0x0000113d      0x5e2 C:/Docume~1/engineer/workspace/TNKernel_namuru_nano_glonass/GCC/OBJ/tn_mem.o
 .debug_info    0x0000171f      0x4d9 C:/Docume~1/engineer/workspace/TNKernel_namuru_nano_glonass/GCC/OBJ/tn_mutex.o
 .debug_info    0x00001bf8       0x91 C:/Docume~1/engineer/workspace/TNKernel_namuru_nano_glonass/GCC/OBJ/tn_port_arm.o
 .debug_info    0x00001c89      0x491 C:/Docume~1/engineer/workspace/TNKernel_namuru_nano_glonass/GCC/OBJ/tn_sem.o
 .debug_info    0x0000211a      0xaba C:/Docume~1/engineer/workspace/TNKernel_namuru_nano_glonass/GCC/OBJ/tn_tasks.o
 .debug_info    0x00002bd4      0x320 C:/Docume~1/engineer/workspace/TNKernel_namuru_nano_glonass/GCC/OBJ/tn_utils.o
 .debug_info    0x00002ef4      0x1ee C:/Docume~1/engineer/workspace/TNKernel_namuru_nano_glonass/GCC/OBJ/tn_user.o
 .debug_info    0x000030e2      0x3d8 C:/Docume~1/engineer/workspace/TNKernel_namuru_nano_glonass/GCC/OBJ/utils.o
 .debug_info    0x000034ba      0x436 C:/Docume~1/engineer/workspace/TNKernel_namuru_nano_glonass/GCC/OBJ/tn_sprintf.o
 .debug_info    0x000038f0      0xab7 C:/Docume~1/engineer/workspace/TNKernel_namuru_nano_glonass/GCC/OBJ/namuro_nano_tnkernel.o

.debug_abbrev   0x00000000      0xe94
 *(.debug_abbrev)
 .debug_abbrev  0x00000000      0x13f C:/Docume~1/engineer/workspace/TNKernel_namuru_nano_glonass/GCC/OBJ/tn.o
 .debug_abbrev  0x0000013f      0x100 C:/Docume~1/engineer/workspace/TNKernel_namuru_nano_glonass/GCC/OBJ/tn_dqueue.o
 .debug_abbrev  0x0000023f      0x135 C:/Docume~1/engineer/workspace/TNKernel_namuru_nano_glonass/GCC/OBJ/tn_event.o
 .debug_abbrev  0x00000374      0x135 C:/Docume~1/engineer/workspace/TNKernel_namuru_nano_glonass/GCC/OBJ/tn_mem.o
 .debug_abbrev  0x000004a9      0x12b C:/Docume~1/engineer/workspace/TNKernel_namuru_nano_glonass/GCC/OBJ/tn_mutex.o
 .debug_abbrev  0x000005d4       0x6d C:/Docume~1/engineer/workspace/TNKernel_namuru_nano_glonass/GCC/OBJ/tn_port_arm.o
 .debug_abbrev  0x00000641      0x10f C:/Docume~1/engineer/workspace/TNKernel_namuru_nano_glonass/GCC/OBJ/tn_sem.o
 .debug_abbrev  0x00000750      0x16b C:/Docume~1/engineer/workspace/TNKernel_namuru_nano_glonass/GCC/OBJ/tn_tasks.o
 .debug_abbrev  0x000008bb       0xd7 C:/Docume~1/engineer/workspace/TNKernel_namuru_nano_glonass/GCC/OBJ/tn_utils.o
 .debug_abbrev  0x00000992       0xbe C:/Docume~1/engineer/workspace/TNKernel_namuru_nano_glonass/GCC/OBJ/tn_user.o
 .debug_abbrev  0x00000a50      0x148 C:/Docume~1/engineer/workspace/TNKernel_namuru_nano_glonass/GCC/OBJ/utils.o
 .debug_abbrev  0x00000b98      0x182 C:/Docume~1/engineer/workspace/TNKernel_namuru_nano_glonass/GCC/OBJ/tn_sprintf.o
 .debug_abbrev  0x00000d1a      0x17a C:/Docume~1/engineer/workspace/TNKernel_namuru_nano_glonass/GCC/OBJ/namuro_nano_tnkernel.o

.debug_line     0x00000000     0x16a9
 *(.debug_line)
 .debug_line    0x00000000      0x123 C:/Docume~1/engineer/workspace/TNKernel_namuru_nano_glonass/GCC/OBJ/tn.o
 .debug_line    0x00000123      0x1c1 C:/Docume~1/engineer/workspace/TNKernel_namuru_nano_glonass/GCC/OBJ/tn_dqueue.o
 .debug_line    0x000002e4      0x1e8 C:/Docume~1/engineer/workspace/TNKernel_namuru_nano_glonass/GCC/OBJ/tn_event.o
 .debug_line    0x000004cc      0x1ab C:/Docume~1/engineer/workspace/TNKernel_namuru_nano_glonass/GCC/OBJ/tn_mem.o
 .debug_line    0x00000677      0x197 C:/Docume~1/engineer/workspace/TNKernel_namuru_nano_glonass/GCC/OBJ/tn_mutex.o
 .debug_line    0x0000080e       0xb1 C:/Docume~1/engineer/workspace/TNKernel_namuru_nano_glonass/GCC/OBJ/tn_port_arm.o
 .debug_line    0x000008bf      0x15c C:/Docume~1/engineer/workspace/TNKernel_namuru_nano_glonass/GCC/OBJ/tn_sem.o
 .debug_line    0x00000a1b      0x32f C:/Docume~1/engineer/workspace/TNKernel_namuru_nano_glonass/GCC/OBJ/tn_tasks.o
 .debug_line    0x00000d4a      0x10c C:/Docume~1/engineer/workspace/TNKernel_namuru_nano_glonass/GCC/OBJ/tn_utils.o
 .debug_line    0x00000e56       0xfa C:/Docume~1/engineer/workspace/TNKernel_namuru_nano_glonass/GCC/OBJ/tn_user.o
 .debug_line    0x00000f50      0x187 C:/Docume~1/engineer/workspace/TNKernel_namuru_nano_glonass/GCC/OBJ/utils.o
 .debug_line    0x000010d7      0x1fd C:/Docume~1/engineer/workspace/TNKernel_namuru_nano_glonass/GCC/OBJ/tn_sprintf.o
 .debug_line    0x000012d4      0x3d5 C:/Docume~1/engineer/workspace/TNKernel_namuru_nano_glonass/GCC/OBJ/namuro_nano_tnkernel.o

.debug_frame    0x00000000      0xdf0
 *(.debug_frame)
 .debug_frame   0x00000000       0x9c C:/Docume~1/engineer/workspace/TNKernel_namuru_nano_glonass/GCC/OBJ/tn.o
 .debug_frame   0x0000009c       0xf0 C:/Docume~1/engineer/workspace/TNKernel_namuru_nano_glonass/GCC/OBJ/tn_dqueue.o
 .debug_frame   0x0000018c      0x128 C:/Docume~1/engineer/workspace/TNKernel_namuru_nano_glonass/GCC/OBJ/tn_event.o
 .debug_frame   0x000002b4      0x104 C:/Docume~1/engineer/workspace/TNKernel_namuru_nano_glonass/GCC/OBJ/tn_mem.o
 .debug_frame   0x000003b8       0xd0 C:/Docume~1/engineer/workspace/TNKernel_namuru_nano_glonass/GCC/OBJ/tn_mutex.o
 .debug_frame   0x00000488       0x28 C:/Docume~1/engineer/workspace/TNKernel_namuru_nano_glonass/GCC/OBJ/tn_port_arm.o
 .debug_frame   0x000004b0       0xd4 C:/Docume~1/engineer/workspace/TNKernel_namuru_nano_glonass/GCC/OBJ/tn_sem.o
 .debug_frame   0x00000584      0x274 C:/Docume~1/engineer/workspace/TNKernel_namuru_nano_glonass/GCC/OBJ/tn_tasks.o
 .debug_frame   0x000007f8      0x104 C:/Docume~1/engineer/workspace/TNKernel_namuru_nano_glonass/GCC/OBJ/tn_utils.o
 .debug_frame   0x000008fc       0x4c C:/Docume~1/engineer/workspace/TNKernel_namuru_nano_glonass/GCC/OBJ/tn_user.o
 .debug_frame   0x00000948      0x178 C:/Docume~1/engineer/workspace/TNKernel_namuru_nano_glonass/GCC/OBJ/utils.o
 .debug_frame   0x00000ac0       0xbc C:/Docume~1/engineer/workspace/TNKernel_namuru_nano_glonass/GCC/OBJ/tn_sprintf.o
 .debug_frame   0x00000b7c      0x108 C:/Docume~1/engineer/workspace/TNKernel_namuru_nano_glonass/GCC/OBJ/namuro_nano_tnkernel.o
 .debug_frame   0x00000c84       0x34 c:/progra~1/codesourcery/source~1/bin/../lib/gcc/arm-none-eabi/4.5.2/../../../../arm-none-eabi/lib\libm.a(lib_a-w_log10.o)
 .debug_frame   0x00000cb8       0x34 c:/progra~1/codesourcery/source~1/bin/../lib/gcc/arm-none-eabi/4.5.2/../../../../arm-none-eabi/lib\libm.a(lib_a-e_log10.o)
 .debug_frame   0x00000cec       0x28 c:/progra~1/codesourcery/source~1/bin/../lib/gcc/arm-none-eabi/4.5.2/../../../../arm-none-eabi/lib\libm.a(lib_a-s_fpclassify.o)
 .debug_frame   0x00000d14       0x20 c:/progra~1/codesourcery/source~1/bin/../lib/gcc/arm-none-eabi/4.5.2/../../../../arm-none-eabi/lib\libm.a(lib_a-s_matherr.o)
 .debug_frame   0x00000d34       0x20 c:/progra~1/codesourcery/source~1/bin/../lib/gcc/arm-none-eabi/4.5.2/../../../../arm-none-eabi/lib\libm.a(lib_a-s_nan.o)
 .debug_frame   0x00000d54       0x3c c:/progra~1/codesourcery/source~1/bin/../lib/gcc/arm-none-eabi/4.5.2/../../../../arm-none-eabi/lib\libm.a(lib_a-e_log.o)
 .debug_frame   0x00000d90       0x20 c:/progra~1/codesourcery/source~1/bin/../lib/gcc/arm-none-eabi/4.5.2/../../../../arm-none-eabi/lib\libc.a(lib_a-errno.o)
 .debug_frame   0x00000db0       0x20 c:/progra~1/codesourcery/source~1/bin/../lib/gcc/arm-none-eabi/4.5.2\libgcc.a(_udivsi3.o)
 .debug_frame   0x00000dd0       0x20 c:/progra~1/codesourcery/source~1/bin/../lib/gcc/arm-none-eabi/4.5.2\libgcc.a(_divsi3.o)

.debug_str      0x00000000     0x13be
 *(.debug_str)
 .debug_str     0x00000000      0x31b C:/Docume~1/engineer/workspace/TNKernel_namuru_nano_glonass/GCC/OBJ/tn.o
                                0x379 (size before relaxing)
 .debug_str     0x0000031b      0x15c C:/Docume~1/engineer/workspace/TNKernel_namuru_nano_glonass/GCC/OBJ/tn_dqueue.o
                                0x311 (size before relaxing)
 .debug_str     0x00000477      0x127 C:/Docume~1/engineer/workspace/TNKernel_namuru_nano_glonass/GCC/OBJ/tn_event.o
                                0x30a (size before relaxing)
 .debug_str     0x0000059e      0x13c C:/Docume~1/engineer/workspace/TNKernel_namuru_nano_glonass/GCC/OBJ/tn_mem.o
                                0x2fe (size before relaxing)
 .debug_str     0x000006da      0x12f C:/Docume~1/engineer/workspace/TNKernel_namuru_nano_glonass/GCC/OBJ/tn_mutex.o
                                0x307 (size before relaxing)
 .debug_str     0x00000809       0x6c C:/Docume~1/engineer/workspace/TNKernel_namuru_nano_glonass/GCC/OBJ/tn_port_arm.o
                                 0xb3 (size before relaxing)
 .debug_str     0x00000875       0xe9 C:/Docume~1/engineer/workspace/TNKernel_namuru_nano_glonass/GCC/OBJ/tn_sem.o
                                0x2b1 (size before relaxing)
 .debug_str     0x0000095e      0x27a C:/Docume~1/engineer/workspace/TNKernel_namuru_nano_glonass/GCC/OBJ/tn_tasks.o
                                0x529 (size before relaxing)
 .debug_str     0x00000bd8      0x100 C:/Docume~1/engineer/workspace/TNKernel_namuru_nano_glonass/GCC/OBJ/tn_utils.o
                                0x1cd (size before relaxing)
 .debug_str     0x00000cd8       0x98 C:/Docume~1/engineer/workspace/TNKernel_namuru_nano_glonass/GCC/OBJ/tn_user.o
                                0x198 (size before relaxing)
 .debug_str     0x00000d70      0x16d C:/Docume~1/engineer/workspace/TNKernel_namuru_nano_glonass/GCC/OBJ/utils.o
                                0x285 (size before relaxing)
 .debug_str     0x00000edd      0x1d9 C:/Docume~1/engineer/workspace/TNKernel_namuru_nano_glonass/GCC/OBJ/tn_sprintf.o
                                0x236 (size before relaxing)
 .debug_str     0x000010b6      0x308 C:/Docume~1/engineer/workspace/TNKernel_namuru_nano_glonass/GCC/OBJ/namuro_nano_tnkernel.o
                                0x5a8 (size before relaxing)

.debug_loc      0x00000000     0x12c8
 *(.debug_loc)
 .debug_loc     0x00000000       0xdc C:/Docume~1/engineer/workspace/TNKernel_namuru_nano_glonass/GCC/OBJ/tn.o
 .debug_loc     0x000000dc      0x160 C:/Docume~1/engineer/workspace/TNKernel_namuru_nano_glonass/GCC/OBJ/tn_dqueue.o
 .debug_loc     0x0000023c      0x1b8 C:/Docume~1/engineer/workspace/TNKernel_namuru_nano_glonass/GCC/OBJ/tn_event.o
 .debug_loc     0x000003f4      0x18c C:/Docume~1/engineer/workspace/TNKernel_namuru_nano_glonass/GCC/OBJ/tn_mem.o
 .debug_loc     0x00000580      0x134 C:/Docume~1/engineer/workspace/TNKernel_namuru_nano_glonass/GCC/OBJ/tn_mutex.o
 .debug_loc     0x000006b4       0x2c C:/Docume~1/engineer/workspace/TNKernel_namuru_nano_glonass/GCC/OBJ/tn_port_arm.o
 .debug_loc     0x000006e0      0x134 C:/Docume~1/engineer/workspace/TNKernel_namuru_nano_glonass/GCC/OBJ/tn_sem.o
 .debug_loc     0x00000814      0x3c8 C:/Docume~1/engineer/workspace/TNKernel_namuru_nano_glonass/GCC/OBJ/tn_tasks.o
 .debug_loc     0x00000bdc      0x1b8 C:/Docume~1/engineer/workspace/TNKernel_namuru_nano_glonass/GCC/OBJ/tn_utils.o
 .debug_loc     0x00000d94       0x58 C:/Docume~1/engineer/workspace/TNKernel_namuru_nano_glonass/GCC/OBJ/tn_user.o
 .debug_loc     0x00000dec      0x268 C:/Docume~1/engineer/workspace/TNKernel_namuru_nano_glonass/GCC/OBJ/utils.o
 .debug_loc     0x00001054      0x114 C:/Docume~1/engineer/workspace/TNKernel_namuru_nano_glonass/GCC/OBJ/tn_sprintf.o
 .debug_loc     0x00001168      0x160 C:/Docume~1/engineer/workspace/TNKernel_namuru_nano_glonass/GCC/OBJ/namuro_nano_tnkernel.o

.debug_macinfo
 *(.debug_macinfo)

.debug_weaknames
 *(.debug_weaknames)

.debug_funcnames
 *(.debug_funcnames)

.debug_typenames
 *(.debug_typenames)

.debug_varnames
 *(.debug_varnames)
OUTPUT(C:/Docume~1/engineer/workspace/TNKernel_namuru_nano_glonass/GCC/OBJ/namuro_nano_tnkernel_glonass_lpc2478.elf elf32-littlearm)

.debug_pubtypes
                0x00000000      0x4cc
 .debug_pubtypes
                0x00000000       0x48 C:/Docume~1/engineer/workspace/TNKernel_namuru_nano_glonass/GCC/OBJ/tn.o
 .debug_pubtypes
                0x00000048       0x61 C:/Docume~1/engineer/workspace/TNKernel_namuru_nano_glonass/GCC/OBJ/tn_dqueue.o
 .debug_pubtypes
                0x000000a9       0x63 C:/Docume~1/engineer/workspace/TNKernel_namuru_nano_glonass/GCC/OBJ/tn_event.o
 .debug_pubtypes
                0x0000010c       0x5f C:/Docume~1/engineer/workspace/TNKernel_namuru_nano_glonass/GCC/OBJ/tn_mem.o
 .debug_pubtypes
                0x0000016b       0x63 C:/Docume~1/engineer/workspace/TNKernel_namuru_nano_glonass/GCC/OBJ/tn_mutex.o
 .debug_pubtypes
                0x000001ce       0x12 C:/Docume~1/engineer/workspace/TNKernel_namuru_nano_glonass/GCC/OBJ/tn_port_arm.o
 .debug_pubtypes
                0x000001e0       0x5f C:/Docume~1/engineer/workspace/TNKernel_namuru_nano_glonass/GCC/OBJ/tn_sem.o
 .debug_pubtypes
                0x0000023f       0x63 C:/Docume~1/engineer/workspace/TNKernel_namuru_nano_glonass/GCC/OBJ/tn_tasks.o
 .debug_pubtypes
                0x000002a2       0x4a C:/Docume~1/engineer/workspace/TNKernel_namuru_nano_glonass/GCC/OBJ/tn_utils.o
 .debug_pubtypes
                0x000002ec       0x61 C:/Docume~1/engineer/workspace/TNKernel_namuru_nano_glonass/GCC/OBJ/tn_user.o
 .debug_pubtypes
                0x0000034d       0x61 C:/Docume~1/engineer/workspace/TNKernel_namuru_nano_glonass/GCC/OBJ/utils.o
 .debug_pubtypes
                0x000003ae       0x98 C:/Docume~1/engineer/workspace/TNKernel_namuru_nano_glonass/GCC/OBJ/tn_sprintf.o
 .debug_pubtypes
                0x00000446       0x86 C:/Docume~1/engineer/workspace/TNKernel_namuru_nano_glonass/GCC/OBJ/namuro_nano_tnkernel.o

Cross Reference Table

Symbol                                            File
CH                                                C:/Docume~1/engineer/workspace/TNKernel_namuru_nano_glonass/GCC/OBJ/namuro_nano_tnkernel.o
HardwareInit                                      C:/Docume~1/engineer/workspace/TNKernel_namuru_nano_glonass/GCC/OBJ/utils.o
                                                  C:/Docume~1/engineer/workspace/TNKernel_namuru_nano_glonass/GCC/OBJ/namuro_nano_tnkernel.o
Led1Off                                           C:/Docume~1/engineer/workspace/TNKernel_namuru_nano_glonass/GCC/OBJ/utils.o
                                                  C:/Docume~1/engineer/workspace/TNKernel_namuru_nano_glonass/GCC/OBJ/namuro_nano_tnkernel.o
Led1On                                            C:/Docume~1/engineer/workspace/TNKernel_namuru_nano_glonass/GCC/OBJ/utils.o
                                                  C:/Docume~1/engineer/workspace/TNKernel_namuru_nano_glonass/GCC/OBJ/namuro_nano_tnkernel.o
Led2Off                                           C:/Docume~1/engineer/workspace/TNKernel_namuru_nano_glonass/GCC/OBJ/utils.o
                                                  C:/Docume~1/engineer/workspace/TNKernel_namuru_nano_glonass/GCC/OBJ/namuro_nano_tnkernel.o
Led2On                                            C:/Docume~1/engineer/workspace/TNKernel_namuru_nano_glonass/GCC/OBJ/utils.o
                                                  C:/Docume~1/engineer/workspace/TNKernel_namuru_nano_glonass/GCC/OBJ/namuro_nano_tnkernel.o
SemISR                                            C:/Docume~1/engineer/workspace/TNKernel_namuru_nano_glonass/GCC/OBJ/namuro_nano_tnkernel.o
                                                  C:/Docume~1/engineer/workspace/TNKernel_namuru_nano_glonass/GCC/OBJ/tn_user.o
SemMeas                                           C:/Docume~1/engineer/workspace/TNKernel_namuru_nano_glonass/GCC/OBJ/namuro_nano_tnkernel.o
__adddf3                                          c:/progra~1/codesourcery/source~1/bin/../lib/gcc/arm-none-eabi/4.5.2\libgcc.a(_arm_addsubdf3.o)
__aeabi_cdcmpeq                                   c:/progra~1/codesourcery/source~1/bin/../lib/gcc/arm-none-eabi/4.5.2\libgcc.a(_arm_cmpdf2.o)
__aeabi_cdcmple                                   c:/progra~1/codesourcery/source~1/bin/../lib/gcc/arm-none-eabi/4.5.2\libgcc.a(_arm_cmpdf2.o)
__aeabi_cdrcmple                                  c:/progra~1/codesourcery/source~1/bin/../lib/gcc/arm-none-eabi/4.5.2\libgcc.a(_arm_cmpdf2.o)
__aeabi_d2iz                                      c:/progra~1/codesourcery/source~1/bin/../lib/gcc/arm-none-eabi/4.5.2\libgcc.a(_arm_fixdfsi.o)
                                                  C:/Docume~1/engineer/workspace/TNKernel_namuru_nano_glonass/GCC/OBJ/namuro_nano_tnkernel.o
__aeabi_dadd                                      c:/progra~1/codesourcery/source~1/bin/../lib/gcc/arm-none-eabi/4.5.2\libgcc.a(_arm_addsubdf3.o)
                                                  c:/progra~1/codesourcery/source~1/bin/../lib/gcc/arm-none-eabi/4.5.2/../../../../arm-none-eabi/lib\libm.a(lib_a-e_log.o)
                                                  c:/progra~1/codesourcery/source~1/bin/../lib/gcc/arm-none-eabi/4.5.2/../../../../arm-none-eabi/lib\libm.a(lib_a-e_log10.o)
__aeabi_dcmpeq                                    c:/progra~1/codesourcery/source~1/bin/../lib/gcc/arm-none-eabi/4.5.2\libgcc.a(_arm_cmpdf2.o)
                                                  c:/progra~1/codesourcery/source~1/bin/../lib/gcc/arm-none-eabi/4.5.2/../../../../arm-none-eabi/lib\libm.a(lib_a-e_log.o)
                                                  c:/progra~1/codesourcery/source~1/bin/../lib/gcc/arm-none-eabi/4.5.2/../../../../arm-none-eabi/lib\libm.a(lib_a-w_log10.o)
__aeabi_dcmpge                                    c:/progra~1/codesourcery/source~1/bin/../lib/gcc/arm-none-eabi/4.5.2\libgcc.a(_arm_cmpdf2.o)
__aeabi_dcmpgt                                    c:/progra~1/codesourcery/source~1/bin/../lib/gcc/arm-none-eabi/4.5.2\libgcc.a(_arm_cmpdf2.o)
__aeabi_dcmple                                    c:/progra~1/codesourcery/source~1/bin/../lib/gcc/arm-none-eabi/4.5.2\libgcc.a(_arm_cmpdf2.o)
                                                  c:/progra~1/codesourcery/source~1/bin/../lib/gcc/arm-none-eabi/4.5.2/../../../../arm-none-eabi/lib\libm.a(lib_a-w_log10.o)
__aeabi_dcmplt                                    c:/progra~1/codesourcery/source~1/bin/../lib/gcc/arm-none-eabi/4.5.2\libgcc.a(_arm_cmpdf2.o)
                                                  C:/Docume~1/engineer/workspace/TNKernel_namuru_nano_glonass/GCC/OBJ/namuro_nano_tnkernel.o
__aeabi_ddiv                                      c:/progra~1/codesourcery/source~1/bin/../lib/gcc/arm-none-eabi/4.5.2\libgcc.a(_arm_muldivdf3.o)
                                                  c:/progra~1/codesourcery/source~1/bin/../lib/gcc/arm-none-eabi/4.5.2/../../../../arm-none-eabi/lib\libm.a(lib_a-e_log.o)
                                                  c:/progra~1/codesourcery/source~1/bin/../lib/gcc/arm-none-eabi/4.5.2/../../../../arm-none-eabi/lib\libm.a(lib_a-e_log10.o)
                                                  C:/Docume~1/engineer/workspace/TNKernel_namuru_nano_glonass/GCC/OBJ/namuro_nano_tnkernel.o
__aeabi_dmul                                      c:/progra~1/codesourcery/source~1/bin/../lib/gcc/arm-none-eabi/4.5.2\libgcc.a(_arm_muldivdf3.o)
                                                  c:/progra~1/codesourcery/source~1/bin/../lib/gcc/arm-none-eabi/4.5.2/../../../../arm-none-eabi/lib\libm.a(lib_a-e_log.o)
                                                  c:/progra~1/codesourcery/source~1/bin/../lib/gcc/arm-none-eabi/4.5.2/../../../../arm-none-eabi/lib\libm.a(lib_a-e_log10.o)
                                                  C:/Docume~1/engineer/workspace/TNKernel_namuru_nano_glonass/GCC/OBJ/namuro_nano_tnkernel.o
__aeabi_drsub                                     c:/progra~1/codesourcery/source~1/bin/../lib/gcc/arm-none-eabi/4.5.2\libgcc.a(_arm_addsubdf3.o)
__aeabi_dsub                                      c:/progra~1/codesourcery/source~1/bin/../lib/gcc/arm-none-eabi/4.5.2\libgcc.a(_arm_addsubdf3.o)
                                                  c:/progra~1/codesourcery/source~1/bin/../lib/gcc/arm-none-eabi/4.5.2/../../../../arm-none-eabi/lib\libm.a(lib_a-e_log.o)
                                                  c:/progra~1/codesourcery/source~1/bin/../lib/gcc/arm-none-eabi/4.5.2/../../../../arm-none-eabi/lib\libm.a(lib_a-e_log10.o)
                                                  C:/Docume~1/engineer/workspace/TNKernel_namuru_nano_glonass/GCC/OBJ/namuro_nano_tnkernel.o
__aeabi_f2d                                       c:/progra~1/codesourcery/source~1/bin/../lib/gcc/arm-none-eabi/4.5.2\libgcc.a(_arm_addsubdf3.o)
__aeabi_i2d                                       c:/progra~1/codesourcery/source~1/bin/../lib/gcc/arm-none-eabi/4.5.2\libgcc.a(_arm_addsubdf3.o)
                                                  c:/progra~1/codesourcery/source~1/bin/../lib/gcc/arm-none-eabi/4.5.2/../../../../arm-none-eabi/lib\libm.a(lib_a-e_log.o)
                                                  c:/progra~1/codesourcery/source~1/bin/../lib/gcc/arm-none-eabi/4.5.2/../../../../arm-none-eabi/lib\libm.a(lib_a-e_log10.o)
                                                  C:/Docume~1/engineer/workspace/TNKernel_namuru_nano_glonass/GCC/OBJ/namuro_nano_tnkernel.o
__aeabi_idiv                                      c:/progra~1/codesourcery/source~1/bin/../lib/gcc/arm-none-eabi/4.5.2\libgcc.a(_divsi3.o)
                                                  C:/Docume~1/engineer/workspace/TNKernel_namuru_nano_glonass/GCC/OBJ/utils.o
__aeabi_idiv0                                     c:/progra~1/codesourcery/source~1/bin/../lib/gcc/arm-none-eabi/4.5.2\libgcc.a(_dvmd_tls.o)
                                                  c:/progra~1/codesourcery/source~1/bin/../lib/gcc/arm-none-eabi/4.5.2\libgcc.a(_divsi3.o)
                                                  c:/progra~1/codesourcery/source~1/bin/../lib/gcc/arm-none-eabi/4.5.2\libgcc.a(_udivsi3.o)
__aeabi_idivmod                                   c:/progra~1/codesourcery/source~1/bin/../lib/gcc/arm-none-eabi/4.5.2\libgcc.a(_divsi3.o)
__aeabi_l2d                                       c:/progra~1/codesourcery/source~1/bin/../lib/gcc/arm-none-eabi/4.5.2\libgcc.a(_arm_addsubdf3.o)
__aeabi_ldiv0                                     c:/progra~1/codesourcery/source~1/bin/../lib/gcc/arm-none-eabi/4.5.2\libgcc.a(_dvmd_tls.o)
__aeabi_ui2d                                      c:/progra~1/codesourcery/source~1/bin/../lib/gcc/arm-none-eabi/4.5.2\libgcc.a(_arm_addsubdf3.o)
                                                  C:/Docume~1/engineer/workspace/TNKernel_namuru_nano_glonass/GCC/OBJ/namuro_nano_tnkernel.o
__aeabi_uidiv                                     c:/progra~1/codesourcery/source~1/bin/../lib/gcc/arm-none-eabi/4.5.2\libgcc.a(_udivsi3.o)
                                                  C:/Docume~1/engineer/workspace/TNKernel_namuru_nano_glonass/GCC/OBJ/tn_sprintf.o
__aeabi_uidivmod                                  c:/progra~1/codesourcery/source~1/bin/../lib/gcc/arm-none-eabi/4.5.2\libgcc.a(_udivsi3.o)
                                                  C:/Docume~1/engineer/workspace/TNKernel_namuru_nano_glonass/GCC/OBJ/tn_sprintf.o
__aeabi_ul2d                                      c:/progra~1/codesourcery/source~1/bin/../lib/gcc/arm-none-eabi/4.5.2\libgcc.a(_arm_addsubdf3.o)
__bss_end__                                       C:/Docume~1/engineer/workspace/TNKernel_namuru_nano_glonass/GCC/OBJ/tnkernel_startup_gcc.o
__bss_start                                       C:/Docume~1/engineer/workspace/TNKernel_namuru_nano_glonass/GCC/OBJ/tnkernel_startup_gcc.o
__cmpdf2                                          c:/progra~1/codesourcery/source~1/bin/../lib/gcc/arm-none-eabi/4.5.2\libgcc.a(_arm_cmpdf2.o)
__divdf3                                          c:/progra~1/codesourcery/source~1/bin/../lib/gcc/arm-none-eabi/4.5.2\libgcc.a(_arm_muldivdf3.o)
__divsi3                                          c:/progra~1/codesourcery/source~1/bin/../lib/gcc/arm-none-eabi/4.5.2\libgcc.a(_divsi3.o)
__eqdf2                                           c:/progra~1/codesourcery/source~1/bin/../lib/gcc/arm-none-eabi/4.5.2\libgcc.a(_arm_cmpdf2.o)
__errno                                           c:/progra~1/codesourcery/source~1/bin/../lib/gcc/arm-none-eabi/4.5.2/../../../../arm-none-eabi/lib\libc.a(lib_a-errno.o)
                                                  c:/progra~1/codesourcery/source~1/bin/../lib/gcc/arm-none-eabi/4.5.2/../../../../arm-none-eabi/lib\libm.a(lib_a-w_log10.o)
__extendsfdf2                                     c:/progra~1/codesourcery/source~1/bin/../lib/gcc/arm-none-eabi/4.5.2\libgcc.a(_arm_addsubdf3.o)
__fdlib_version                                   c:/progra~1/codesourcery/source~1/bin/../lib/gcc/arm-none-eabi/4.5.2/../../../../arm-none-eabi/lib\libm.a(lib_a-s_lib_ver.o)
                                                  c:/progra~1/codesourcery/source~1/bin/../lib/gcc/arm-none-eabi/4.5.2/../../../../arm-none-eabi/lib\libm.a(lib_a-w_log10.o)
__fixdfsi                                         c:/progra~1/codesourcery/source~1/bin/../lib/gcc/arm-none-eabi/4.5.2\libgcc.a(_arm_fixdfsi.o)
__floatdidf                                       c:/progra~1/codesourcery/source~1/bin/../lib/gcc/arm-none-eabi/4.5.2\libgcc.a(_arm_addsubdf3.o)
__floatsidf                                       c:/progra~1/codesourcery/source~1/bin/../lib/gcc/arm-none-eabi/4.5.2\libgcc.a(_arm_addsubdf3.o)
__floatundidf                                     c:/progra~1/codesourcery/source~1/bin/../lib/gcc/arm-none-eabi/4.5.2\libgcc.a(_arm_addsubdf3.o)
__floatunsidf                                     c:/progra~1/codesourcery/source~1/bin/../lib/gcc/arm-none-eabi/4.5.2\libgcc.a(_arm_addsubdf3.o)
__fpclassifyd                                     c:/progra~1/codesourcery/source~1/bin/../lib/gcc/arm-none-eabi/4.5.2/../../../../arm-none-eabi/lib\libm.a(lib_a-s_fpclassify.o)
                                                  c:/progra~1/codesourcery/source~1/bin/../lib/gcc/arm-none-eabi/4.5.2/../../../../arm-none-eabi/lib\libm.a(lib_a-w_log10.o)
__gedf2                                           c:/progra~1/codesourcery/source~1/bin/../lib/gcc/arm-none-eabi/4.5.2\libgcc.a(_arm_cmpdf2.o)
__gtdf2                                           c:/progra~1/codesourcery/source~1/bin/../lib/gcc/arm-none-eabi/4.5.2\libgcc.a(_arm_cmpdf2.o)
__ieee754_log                                     c:/progra~1/codesourcery/source~1/bin/../lib/gcc/arm-none-eabi/4.5.2/../../../../arm-none-eabi/lib\libm.a(lib_a-e_log.o)
                                                  c:/progra~1/codesourcery/source~1/bin/../lib/gcc/arm-none-eabi/4.5.2/../../../../arm-none-eabi/lib\libm.a(lib_a-e_log10.o)
__ieee754_log10                                   c:/progra~1/codesourcery/source~1/bin/../lib/gcc/arm-none-eabi/4.5.2/../../../../arm-none-eabi/lib\libm.a(lib_a-e_log10.o)
                                                  c:/progra~1/codesourcery/source~1/bin/../lib/gcc/arm-none-eabi/4.5.2/../../../../arm-none-eabi/lib\libm.a(lib_a-w_log10.o)
__ledf2                                           c:/progra~1/codesourcery/source~1/bin/../lib/gcc/arm-none-eabi/4.5.2\libgcc.a(_arm_cmpdf2.o)
__ltdf2                                           c:/progra~1/codesourcery/source~1/bin/../lib/gcc/arm-none-eabi/4.5.2\libgcc.a(_arm_cmpdf2.o)
__main                                            C:/Docume~1/engineer/workspace/TNKernel_namuru_nano_glonass/GCC/OBJ/tnkernel_startup_gcc.o
__muldf3                                          c:/progra~1/codesourcery/source~1/bin/../lib/gcc/arm-none-eabi/4.5.2\libgcc.a(_arm_muldivdf3.o)
__nedf2                                           c:/progra~1/codesourcery/source~1/bin/../lib/gcc/arm-none-eabi/4.5.2\libgcc.a(_arm_cmpdf2.o)
__reset                                           C:/Docume~1/engineer/workspace/TNKernel_namuru_nano_glonass/GCC/OBJ/tnkernel_startup_gcc.o
__stack_bottom_end__                              C:/Docume~1/engineer/workspace/TNKernel_namuru_nano_glonass/GCC/OBJ/tnkernel_startup_gcc.o
__stack_fiq_bottom_end__                          C:/Docume~1/engineer/workspace/TNKernel_namuru_nano_glonass/GCC/OBJ/tnkernel_startup_gcc.o
__stack_irq_bottom_end__                          C:/Docume~1/engineer/workspace/TNKernel_namuru_nano_glonass/GCC/OBJ/tnkernel_startup_gcc.o
__subdf3                                          c:/progra~1/codesourcery/source~1/bin/../lib/gcc/arm-none-eabi/4.5.2\libgcc.a(_arm_addsubdf3.o)
__udivsi3                                         c:/progra~1/codesourcery/source~1/bin/../lib/gcc/arm-none-eabi/4.5.2\libgcc.a(_udivsi3.o)
_data                                             C:/Docume~1/engineer/workspace/TNKernel_namuru_nano_glonass/GCC/OBJ/tnkernel_startup_gcc.o
_edata                                            C:/Docume~1/engineer/workspace/TNKernel_namuru_nano_glonass/GCC/OBJ/tnkernel_startup_gcc.o
_etext                                            C:/Docume~1/engineer/workspace/TNKernel_namuru_nano_glonass/GCC/OBJ/tnkernel_startup_gcc.o
_global_impure_ptr                                c:/progra~1/codesourcery/source~1/bin/../lib/gcc/arm-none-eabi/4.5.2/../../../../arm-none-eabi/lib\libc.a(lib_a-impure.o)
_impure_ptr                                       c:/progra~1/codesourcery/source~1/bin/../lib/gcc/arm-none-eabi/4.5.2/../../../../arm-none-eabi/lib\libc.a(lib_a-impure.o)
                                                  c:/progra~1/codesourcery/source~1/bin/../lib/gcc/arm-none-eabi/4.5.2/../../../../arm-none-eabi/lib\libc.a(lib_a-errno.o)
async_mem_read                                    C:/Docume~1/engineer/workspace/TNKernel_namuru_nano_glonass/GCC/OBJ/utils.o
                                                  C:/Docume~1/engineer/workspace/TNKernel_namuru_nano_glonass/GCC/OBJ/namuro_nano_tnkernel.o
                                                  C:/Docume~1/engineer/workspace/TNKernel_namuru_nano_glonass/GCC/OBJ/tn_user.o
async_mem_write                                   C:/Docume~1/engineer/workspace/TNKernel_namuru_nano_glonass/GCC/OBJ/utils.o
                                                  C:/Docume~1/engineer/workspace/TNKernel_namuru_nano_glonass/GCC/OBJ/namuro_nano_tnkernel.o
change_running_task_priority                      C:/Docume~1/engineer/workspace/TNKernel_namuru_nano_glonass/GCC/OBJ/tn_tasks.o
                                                  C:/Docume~1/engineer/workspace/TNKernel_namuru_nano_glonass/GCC/OBJ/tn_mutex.o
do_unlock_mutex                                   C:/Docume~1/engineer/workspace/TNKernel_namuru_nano_glonass/GCC/OBJ/tn_mutex.o
                                                  C:/Docume~1/engineer/workspace/TNKernel_namuru_nano_glonass/GCC/OBJ/tn_tasks.o
dque_fifo_read                                    C:/Docume~1/engineer/workspace/TNKernel_namuru_nano_glonass/GCC/OBJ/tn_utils.o
                                                  C:/Docume~1/engineer/workspace/TNKernel_namuru_nano_glonass/GCC/OBJ/tn_dqueue.o
dque_fifo_write                                   C:/Docume~1/engineer/workspace/TNKernel_namuru_nano_glonass/GCC/OBJ/tn_utils.o
                                                  C:/Docume~1/engineer/workspace/TNKernel_namuru_nano_glonass/GCC/OBJ/tn_dqueue.o
exs_send_to_uart                                  C:/Docume~1/engineer/workspace/TNKernel_namuru_nano_glonass/GCC/OBJ/utils.o
                                                  C:/Docume~1/engineer/workspace/TNKernel_namuru_nano_glonass/GCC/OBJ/namuro_nano_tnkernel.o
ffs_asm                                           C:/Docume~1/engineer/workspace/TNKernel_namuru_nano_glonass/GCC/OBJ/tn_port_gcc.o
find_max_blocked_priority                         C:/Docume~1/engineer/workspace/TNKernel_namuru_nano_glonass/GCC/OBJ/tn_mutex.o
                                                  C:/Docume~1/engineer/workspace/TNKernel_namuru_nano_glonass/GCC/OBJ/tn_tasks.o
find_next_task_to_run                             C:/Docume~1/engineer/workspace/TNKernel_namuru_nano_glonass/GCC/OBJ/tn_tasks.o
is_queue_empty                                    C:/Docume~1/engineer/workspace/TNKernel_namuru_nano_glonass/GCC/OBJ/tn_utils.o
                                                  C:/Docume~1/engineer/workspace/TNKernel_namuru_nano_glonass/GCC/OBJ/tn_tasks.o
                                                  C:/Docume~1/engineer/workspace/TNKernel_namuru_nano_glonass/GCC/OBJ/tn_sem.o
                                                  C:/Docume~1/engineer/workspace/TNKernel_namuru_nano_glonass/GCC/OBJ/tn_mutex.o
                                                  C:/Docume~1/engineer/workspace/TNKernel_namuru_nano_glonass/GCC/OBJ/tn_mem.o
                                                  C:/Docume~1/engineer/workspace/TNKernel_namuru_nano_glonass/GCC/OBJ/tn_event.o
                                                  C:/Docume~1/engineer/workspace/TNKernel_namuru_nano_glonass/GCC/OBJ/tn_dqueue.o
                                                  C:/Docume~1/engineer/workspace/TNKernel_namuru_nano_glonass/GCC/OBJ/tn.o
log10                                             c:/progra~1/codesourcery/source~1/bin/../lib/gcc/arm-none-eabi/4.5.2/../../../../arm-none-eabi/lib\libm.a(lib_a-w_log10.o)
                                                  C:/Docume~1/engineer/workspace/TNKernel_namuru_nano_glonass/GCC/OBJ/namuro_nano_tnkernel.o
main                                              C:/Docume~1/engineer/workspace/TNKernel_namuru_nano_glonass/GCC/OBJ/namuro_nano_tnkernel.o
                                                  C:/Docume~1/engineer/workspace/TNKernel_namuru_nano_glonass/GCC/OBJ/tnkernel_startup_gcc.o
matherr                                           c:/progra~1/codesourcery/source~1/bin/../lib/gcc/arm-none-eabi/4.5.2/../../../../arm-none-eabi/lib\libm.a(lib_a-s_matherr.o)
                                                  c:/progra~1/codesourcery/source~1/bin/../lib/gcc/arm-none-eabi/4.5.2/../../../../arm-none-eabi/lib\libm.a(lib_a-w_log10.o)
nan                                               c:/progra~1/codesourcery/source~1/bin/../lib/gcc/arm-none-eabi/4.5.2/../../../../arm-none-eabi/lib\libm.a(lib_a-s_nan.o)
                                                  c:/progra~1/codesourcery/source~1/bin/../lib/gcc/arm-none-eabi/4.5.2/../../../../arm-none-eabi/lib\libm.a(lib_a-w_log10.o)
prntaps                                           C:/Docume~1/engineer/workspace/TNKernel_namuru_nano_glonass/GCC/OBJ/namuro_nano_tnkernel.o
queueTxUart                                       C:/Docume~1/engineer/workspace/TNKernel_namuru_nano_glonass/GCC/OBJ/namuro_nano_tnkernel.o
                                                  C:/Docume~1/engineer/workspace/TNKernel_namuru_nano_glonass/GCC/OBJ/utils.o
                                                  C:/Docume~1/engineer/workspace/TNKernel_namuru_nano_glonass/GCC/OBJ/tn_user.o
queueTxUartMem                                    C:/Docume~1/engineer/workspace/TNKernel_namuru_nano_glonass/GCC/OBJ/namuro_nano_tnkernel.o
queue_add_head                                    C:/Docume~1/engineer/workspace/TNKernel_namuru_nano_glonass/GCC/OBJ/tn_utils.o
                                                  C:/Docume~1/engineer/workspace/TNKernel_namuru_nano_glonass/GCC/OBJ/tn.o
queue_add_tail                                    C:/Docume~1/engineer/workspace/TNKernel_namuru_nano_glonass/GCC/OBJ/tn_utils.o
                                                  C:/Docume~1/engineer/workspace/TNKernel_namuru_nano_glonass/GCC/OBJ/tn_tasks.o
                                                  C:/Docume~1/engineer/workspace/TNKernel_namuru_nano_glonass/GCC/OBJ/tn_mutex.o
                                                  C:/Docume~1/engineer/workspace/TNKernel_namuru_nano_glonass/GCC/OBJ/tn.o
queue_contains_entry                              C:/Docume~1/engineer/workspace/TNKernel_namuru_nano_glonass/GCC/OBJ/tn_utils.o
queue_remove_entry                                C:/Docume~1/engineer/workspace/TNKernel_namuru_nano_glonass/GCC/OBJ/tn_utils.o
                                                  C:/Docume~1/engineer/workspace/TNKernel_namuru_nano_glonass/GCC/OBJ/tn_tasks.o
                                                  C:/Docume~1/engineer/workspace/TNKernel_namuru_nano_glonass/GCC/OBJ/tn_mutex.o
                                                  C:/Docume~1/engineer/workspace/TNKernel_namuru_nano_glonass/GCC/OBJ/tn_event.o
                                                  C:/Docume~1/engineer/workspace/TNKernel_namuru_nano_glonass/GCC/OBJ/tn.o
queue_remove_head                                 C:/Docume~1/engineer/workspace/TNKernel_namuru_nano_glonass/GCC/OBJ/tn_utils.o
                                                  C:/Docume~1/engineer/workspace/TNKernel_namuru_nano_glonass/GCC/OBJ/tn_tasks.o
                                                  C:/Docume~1/engineer/workspace/TNKernel_namuru_nano_glonass/GCC/OBJ/tn_sem.o
                                                  C:/Docume~1/engineer/workspace/TNKernel_namuru_nano_glonass/GCC/OBJ/tn_mutex.o
                                                  C:/Docume~1/engineer/workspace/TNKernel_namuru_nano_glonass/GCC/OBJ/tn_mem.o
                                                  C:/Docume~1/engineer/workspace/TNKernel_namuru_nano_glonass/GCC/OBJ/tn_event.o
                                                  C:/Docume~1/engineer/workspace/TNKernel_namuru_nano_glonass/GCC/OBJ/tn_dqueue.o
queue_remove_tail                                 C:/Docume~1/engineer/workspace/TNKernel_namuru_nano_glonass/GCC/OBJ/tn_utils.o
                                                  C:/Docume~1/engineer/workspace/TNKernel_namuru_nano_glonass/GCC/OBJ/tn.o
queue_reset                                       C:/Docume~1/engineer/workspace/TNKernel_namuru_nano_glonass/GCC/OBJ/tn_utils.o
                                                  C:/Docume~1/engineer/workspace/TNKernel_namuru_nano_glonass/GCC/OBJ/tn_tasks.o
                                                  C:/Docume~1/engineer/workspace/TNKernel_namuru_nano_glonass/GCC/OBJ/tn_sem.o
                                                  C:/Docume~1/engineer/workspace/TNKernel_namuru_nano_glonass/GCC/OBJ/tn_mutex.o
                                                  C:/Docume~1/engineer/workspace/TNKernel_namuru_nano_glonass/GCC/OBJ/tn_mem.o
                                                  C:/Docume~1/engineer/workspace/TNKernel_namuru_nano_glonass/GCC/OBJ/tn_event.o
                                                  C:/Docume~1/engineer/workspace/TNKernel_namuru_nano_glonass/GCC/OBJ/tn_dqueue.o
                                                  C:/Docume~1/engineer/workspace/TNKernel_namuru_nano_glonass/GCC/OBJ/tn.o
semTxUart                                         C:/Docume~1/engineer/workspace/TNKernel_namuru_nano_glonass/GCC/OBJ/namuro_nano_tnkernel.o
                                                  C:/Docume~1/engineer/workspace/TNKernel_namuru_nano_glonass/GCC/OBJ/utils.o
set_current_priority                              C:/Docume~1/engineer/workspace/TNKernel_namuru_nano_glonass/GCC/OBJ/tn_tasks.o
                                                  C:/Docume~1/engineer/workspace/TNKernel_namuru_nano_glonass/GCC/OBJ/tn_mutex.o
status                                            C:/Docume~1/engineer/workspace/TNKernel_namuru_nano_glonass/GCC/OBJ/namuro_nano_tnkernel.o
                                                  C:/Docume~1/engineer/workspace/TNKernel_namuru_nano_glonass/GCC/OBJ/tn_user.o
task_accum                                        C:/Docume~1/engineer/workspace/TNKernel_namuru_nano_glonass/GCC/OBJ/namuro_nano_tnkernel.o
task_accum_func                                   C:/Docume~1/engineer/workspace/TNKernel_namuru_nano_glonass/GCC/OBJ/namuro_nano_tnkernel.o
task_accum_stack                                  C:/Docume~1/engineer/workspace/TNKernel_namuru_nano_glonass/GCC/OBJ/namuro_nano_tnkernel.o
task_alloc                                        C:/Docume~1/engineer/workspace/TNKernel_namuru_nano_glonass/GCC/OBJ/namuro_nano_tnkernel.o
task_alloc_func                                   C:/Docume~1/engineer/workspace/TNKernel_namuru_nano_glonass/GCC/OBJ/namuro_nano_tnkernel.o
task_alloc_stack                                  C:/Docume~1/engineer/workspace/TNKernel_namuru_nano_glonass/GCC/OBJ/namuro_nano_tnkernel.o
task_checkmem                                     C:/Docume~1/engineer/workspace/TNKernel_namuru_nano_glonass/GCC/OBJ/namuro_nano_tnkernel.o
task_checkmem_func                                C:/Docume~1/engineer/workspace/TNKernel_namuru_nano_glonass/GCC/OBJ/namuro_nano_tnkernel.o
task_checkmem_stack                               C:/Docume~1/engineer/workspace/TNKernel_namuru_nano_glonass/GCC/OBJ/namuro_nano_tnkernel.o
task_curr_to_wait_action                          C:/Docume~1/engineer/workspace/TNKernel_namuru_nano_glonass/GCC/OBJ/tn_tasks.o
                                                  C:/Docume~1/engineer/workspace/TNKernel_namuru_nano_glonass/GCC/OBJ/tn_sem.o
                                                  C:/Docume~1/engineer/workspace/TNKernel_namuru_nano_glonass/GCC/OBJ/tn_mutex.o
                                                  C:/Docume~1/engineer/workspace/TNKernel_namuru_nano_glonass/GCC/OBJ/tn_mem.o
                                                  C:/Docume~1/engineer/workspace/TNKernel_namuru_nano_glonass/GCC/OBJ/tn_event.o
                                                  C:/Docume~1/engineer/workspace/TNKernel_namuru_nano_glonass/GCC/OBJ/tn_dqueue.o
                                                  C:/Docume~1/engineer/workspace/TNKernel_namuru_nano_glonass/GCC/OBJ/tn.o
task_disp                                         C:/Docume~1/engineer/workspace/TNKernel_namuru_nano_glonass/GCC/OBJ/namuro_nano_tnkernel.o
task_disp_func                                    C:/Docume~1/engineer/workspace/TNKernel_namuru_nano_glonass/GCC/OBJ/namuro_nano_tnkernel.o
task_disp_stack                                   C:/Docume~1/engineer/workspace/TNKernel_namuru_nano_glonass/GCC/OBJ/namuro_nano_tnkernel.o
task_led1                                         C:/Docume~1/engineer/workspace/TNKernel_namuru_nano_glonass/GCC/OBJ/namuro_nano_tnkernel.o
task_led1_func                                    C:/Docume~1/engineer/workspace/TNKernel_namuru_nano_glonass/GCC/OBJ/namuro_nano_tnkernel.o
task_led1_stack                                   C:/Docume~1/engineer/workspace/TNKernel_namuru_nano_glonass/GCC/OBJ/namuro_nano_tnkernel.o
task_meas                                         C:/Docume~1/engineer/workspace/TNKernel_namuru_nano_glonass/GCC/OBJ/namuro_nano_tnkernel.o
task_meas_func                                    C:/Docume~1/engineer/workspace/TNKernel_namuru_nano_glonass/GCC/OBJ/namuro_nano_tnkernel.o
task_meas_stack                                   C:/Docume~1/engineer/workspace/TNKernel_namuru_nano_glonass/GCC/OBJ/namuro_nano_tnkernel.o
task_set_dormant_state                            C:/Docume~1/engineer/workspace/TNKernel_namuru_nano_glonass/GCC/OBJ/tn_tasks.o
task_to_non_runnable                              C:/Docume~1/engineer/workspace/TNKernel_namuru_nano_glonass/GCC/OBJ/tn_tasks.o
task_to_runnable                                  C:/Docume~1/engineer/workspace/TNKernel_namuru_nano_glonass/GCC/OBJ/tn_tasks.o
                                                  C:/Docume~1/engineer/workspace/TNKernel_namuru_nano_glonass/GCC/OBJ/tn.o
task_uart_tx                                      C:/Docume~1/engineer/workspace/TNKernel_namuru_nano_glonass/GCC/OBJ/namuro_nano_tnkernel.o
task_uart_tx_stack                                C:/Docume~1/engineer/workspace/TNKernel_namuru_nano_glonass/GCC/OBJ/namuro_nano_tnkernel.o
task_wait_complete                                C:/Docume~1/engineer/workspace/TNKernel_namuru_nano_glonass/GCC/OBJ/tn_tasks.o
                                                  C:/Docume~1/engineer/workspace/TNKernel_namuru_nano_glonass/GCC/OBJ/tn_sem.o
                                                  C:/Docume~1/engineer/workspace/TNKernel_namuru_nano_glonass/GCC/OBJ/tn_mutex.o
                                                  C:/Docume~1/engineer/workspace/TNKernel_namuru_nano_glonass/GCC/OBJ/tn_mem.o
                                                  C:/Docume~1/engineer/workspace/TNKernel_namuru_nano_glonass/GCC/OBJ/tn_event.o
                                                  C:/Docume~1/engineer/workspace/TNKernel_namuru_nano_glonass/GCC/OBJ/tn_dqueue.o
                                                  C:/Docume~1/engineer/workspace/TNKernel_namuru_nano_glonass/GCC/OBJ/tn.o
tn_app_init                                       C:/Docume~1/engineer/workspace/TNKernel_namuru_nano_glonass/GCC/OBJ/namuro_nano_tnkernel.o
                                                  C:/Docume~1/engineer/workspace/TNKernel_namuru_nano_glonass/GCC/OBJ/tn.o
tn_arm_disable_interrupts                         C:/Docume~1/engineer/workspace/TNKernel_namuru_nano_glonass/GCC/OBJ/startup_hardware_init.o
                                                  C:/Docume~1/engineer/workspace/TNKernel_namuru_nano_glonass/GCC/OBJ/namuro_nano_tnkernel.o
tn_arm_enable_interrupts                          C:/Docume~1/engineer/workspace/TNKernel_namuru_nano_glonass/GCC/OBJ/startup_hardware_init.o
                                                  C:/Docume~1/engineer/workspace/TNKernel_namuru_nano_glonass/GCC/OBJ/tn_user.o
tn_chk_irq_disabled                               C:/Docume~1/engineer/workspace/TNKernel_namuru_nano_glonass/GCC/OBJ/tn_port_gcc.o
                                                  C:/Docume~1/engineer/workspace/TNKernel_namuru_nano_glonass/GCC/OBJ/tn_sem.o
                                                  C:/Docume~1/engineer/workspace/TNKernel_namuru_nano_glonass/GCC/OBJ/tn_mutex.o
                                                  C:/Docume~1/engineer/workspace/TNKernel_namuru_nano_glonass/GCC/OBJ/tn_mem.o
                                                  C:/Docume~1/engineer/workspace/TNKernel_namuru_nano_glonass/GCC/OBJ/tn_event.o
                                                  C:/Docume~1/engineer/workspace/TNKernel_namuru_nano_glonass/GCC/OBJ/tn_dqueue.o
tn_cpu_fiq_isr                                    C:/Docume~1/engineer/workspace/TNKernel_namuru_nano_glonass/GCC/OBJ/tn_port_gcc.o
                                                  C:/Docume~1/engineer/workspace/TNKernel_namuru_nano_glonass/GCC/OBJ/tnkernel_startup_gcc.o
tn_cpu_int_enable                                 C:/Docume~1/engineer/workspace/TNKernel_namuru_nano_glonass/GCC/OBJ/tn_user.o
                                                  C:/Docume~1/engineer/workspace/TNKernel_namuru_nano_glonass/GCC/OBJ/tn.o
tn_cpu_irq_handler                                C:/Docume~1/engineer/workspace/TNKernel_namuru_nano_glonass/GCC/OBJ/tn_user.o
                                                  C:/Docume~1/engineer/workspace/TNKernel_namuru_nano_glonass/GCC/OBJ/tn_port_gcc.o
tn_cpu_irq_isr                                    C:/Docume~1/engineer/workspace/TNKernel_namuru_nano_glonass/GCC/OBJ/tn_port_gcc.o
                                                  C:/Docume~1/engineer/workspace/TNKernel_namuru_nano_glonass/GCC/OBJ/tnkernel_startup_gcc.o
tn_cpu_restore_sr                                 C:/Docume~1/engineer/workspace/TNKernel_namuru_nano_glonass/GCC/OBJ/tn_port_gcc.o
                                                  C:/Docume~1/engineer/workspace/TNKernel_namuru_nano_glonass/GCC/OBJ/tn_tasks.o
                                                  C:/Docume~1/engineer/workspace/TNKernel_namuru_nano_glonass/GCC/OBJ/tn_sem.o
                                                  C:/Docume~1/engineer/workspace/TNKernel_namuru_nano_glonass/GCC/OBJ/tn_mutex.o
                                                  C:/Docume~1/engineer/workspace/TNKernel_namuru_nano_glonass/GCC/OBJ/tn_mem.o
                                                  C:/Docume~1/engineer/workspace/TNKernel_namuru_nano_glonass/GCC/OBJ/tn_event.o
                                                  C:/Docume~1/engineer/workspace/TNKernel_namuru_nano_glonass/GCC/OBJ/tn_dqueue.o
                                                  C:/Docume~1/engineer/workspace/TNKernel_namuru_nano_glonass/GCC/OBJ/tn.o
tn_cpu_save_sr                                    C:/Docume~1/engineer/workspace/TNKernel_namuru_nano_glonass/GCC/OBJ/tn_port_gcc.o
                                                  C:/Docume~1/engineer/workspace/TNKernel_namuru_nano_glonass/GCC/OBJ/tn_tasks.o
                                                  C:/Docume~1/engineer/workspace/TNKernel_namuru_nano_glonass/GCC/OBJ/tn_sem.o
                                                  C:/Docume~1/engineer/workspace/TNKernel_namuru_nano_glonass/GCC/OBJ/tn_mutex.o
                                                  C:/Docume~1/engineer/workspace/TNKernel_namuru_nano_glonass/GCC/OBJ/tn_mem.o
                                                  C:/Docume~1/engineer/workspace/TNKernel_namuru_nano_glonass/GCC/OBJ/tn_event.o
                                                  C:/Docume~1/engineer/workspace/TNKernel_namuru_nano_glonass/GCC/OBJ/tn_dqueue.o
                                                  C:/Docume~1/engineer/workspace/TNKernel_namuru_nano_glonass/GCC/OBJ/tn.o
tn_create_queue                                   C:/Docume~1/engineer/workspace/TNKernel_namuru_nano_glonass/GCC/OBJ/tn_tasks.o
                                                  C:/Docume~1/engineer/workspace/TNKernel_namuru_nano_glonass/GCC/OBJ/tn.o
tn_created_tasks_qty                              C:/Docume~1/engineer/workspace/TNKernel_namuru_nano_glonass/GCC/OBJ/tn_tasks.o
                                                  C:/Docume~1/engineer/workspace/TNKernel_namuru_nano_glonass/GCC/OBJ/tn.o
tn_curr_performance                               C:/Docume~1/engineer/workspace/TNKernel_namuru_nano_glonass/GCC/OBJ/tn.o
tn_curr_run_task                                  C:/Docume~1/engineer/workspace/TNKernel_namuru_nano_glonass/GCC/OBJ/tn_tasks.o
                                                  C:/Docume~1/engineer/workspace/TNKernel_namuru_nano_glonass/GCC/OBJ/tn_sem.o
                                                  C:/Docume~1/engineer/workspace/TNKernel_namuru_nano_glonass/GCC/OBJ/tn_mutex.o
                                                  C:/Docume~1/engineer/workspace/TNKernel_namuru_nano_glonass/GCC/OBJ/tn_mem.o
                                                  C:/Docume~1/engineer/workspace/TNKernel_namuru_nano_glonass/GCC/OBJ/tn_event.o
                                                  C:/Docume~1/engineer/workspace/TNKernel_namuru_nano_glonass/GCC/OBJ/tn_dqueue.o
                                                  C:/Docume~1/engineer/workspace/TNKernel_namuru_nano_glonass/GCC/OBJ/tn.o
                                                  C:/Docume~1/engineer/workspace/TNKernel_namuru_nano_glonass/GCC/OBJ/tn_port_gcc.o
tn_event_clear                                    C:/Docume~1/engineer/workspace/TNKernel_namuru_nano_glonass/GCC/OBJ/tn_event.o
tn_event_create                                   C:/Docume~1/engineer/workspace/TNKernel_namuru_nano_glonass/GCC/OBJ/tn_event.o
tn_event_delete                                   C:/Docume~1/engineer/workspace/TNKernel_namuru_nano_glonass/GCC/OBJ/tn_event.o
tn_event_iclear                                   C:/Docume~1/engineer/workspace/TNKernel_namuru_nano_glonass/GCC/OBJ/tn_event.o
tn_event_iset                                     C:/Docume~1/engineer/workspace/TNKernel_namuru_nano_glonass/GCC/OBJ/tn_event.o
tn_event_iwait                                    C:/Docume~1/engineer/workspace/TNKernel_namuru_nano_glonass/GCC/OBJ/tn_event.o
tn_event_set                                      C:/Docume~1/engineer/workspace/TNKernel_namuru_nano_glonass/GCC/OBJ/tn_event.o
tn_event_wait                                     C:/Docume~1/engineer/workspace/TNKernel_namuru_nano_glonass/GCC/OBJ/tn_event.o
tn_event_wait_polling                             C:/Docume~1/engineer/workspace/TNKernel_namuru_nano_glonass/GCC/OBJ/tn_event.o
tn_fmem_create                                    C:/Docume~1/engineer/workspace/TNKernel_namuru_nano_glonass/GCC/OBJ/tn_mem.o
tn_fmem_delete                                    C:/Docume~1/engineer/workspace/TNKernel_namuru_nano_glonass/GCC/OBJ/tn_mem.o
tn_fmem_get                                       C:/Docume~1/engineer/workspace/TNKernel_namuru_nano_glonass/GCC/OBJ/tn_mem.o
tn_fmem_get_ipolling                              C:/Docume~1/engineer/workspace/TNKernel_namuru_nano_glonass/GCC/OBJ/tn_mem.o
tn_fmem_get_polling                               C:/Docume~1/engineer/workspace/TNKernel_namuru_nano_glonass/GCC/OBJ/tn_mem.o
tn_fmem_irelease                                  C:/Docume~1/engineer/workspace/TNKernel_namuru_nano_glonass/GCC/OBJ/tn_mem.o